
 Start         Length     Name                   Class
 0001:00401000 000036E4H .text                   CODE
 0002:00405000 00000AE4H .itext                  ICODE
 0003:00406000 00000094H .data                   DATA
 0004:00407000 00000034H .bss                    BSS
 0005:00000000 00000000H .tls                    TLS
 0006:00400000 00000000H .pdata                  PDATA


Detailed map of segments

 0001:00000000 000000A0 C=CODE     S=.text    G=(none)   M=System   ACBP=A9
 0001:000000A0 00000BA0 C=CODE     S=.text    G=(none)   M=SysInit  ACBP=A9
 0001:00000C40 00000008 C=CODE     S=.text    G=(none)   M=System.UITypes ACBP=A9
 0001:00000C48 0000006C C=CODE     S=.text    G=(none)   M=Winapi.Windows ACBP=A9
 0001:00000CB4 00000038 C=CODE     S=.text    G=(none)   M=Winapi.WinSvc ACBP=A9
 0001:00000CEC 00000024 C=CODE     S=.text    G=(none)   M=Winapi.PsAPI ACBP=A9
 0001:00000D10 00000008 C=CODE     S=.text    G=(none)   M=System.Character ACBP=A9
 0001:00000D18 00000008 C=CODE     S=.text    G=(none)   M=System.Internal.ExcUtils ACBP=A9
 0001:00000D20 00000040 C=CODE     S=.text    G=(none)   M=System.SysUtils ACBP=A9
 0001:00000D60 00000008 C=CODE     S=.text    G=(none)   M=System.VarUtils ACBP=A9
 0001:00000D68 00000008 C=CODE     S=.text    G=(none)   M=System.Variants ACBP=A9
 0001:00000D70 00000008 C=CODE     S=.text    G=(none)   M=System.Math ACBP=A9
 0001:00000D78 00000018 C=CODE     S=.text    G=(none)   M=System.Rtti ACBP=A9
 0001:00000D90 00000008 C=CODE     S=.text    G=(none)   M=System.TypInfo ACBP=A9
 0001:00000D98 00000010 C=CODE     S=.text    G=(none)   M=System.Generics.Defaults ACBP=A9
 0001:00000DA8 00000008 C=CODE     S=.text    G=(none)   M=System.TimeSpan ACBP=A9
 0001:00000DB0 000000F8 C=CODE     S=.text    G=(none)   M=System.Classes ACBP=A9
 0001:00000EA8 00000008 C=CODE     S=.text    G=(none)   M=System.Messaging ACBP=A9
 0001:00000EB0 00000008 C=CODE     S=.text    G=(none)   M=System.Actions ACBP=A9
 0001:00000EB8 00000010 C=CODE     S=.text    G=(none)   M=System.DateUtils ACBP=A9
 0001:00000EC8 00000008 C=CODE     S=.text    G=(none)   M=System.IOUtils ACBP=A9
 0001:00000ED0 00000008 C=CODE     S=.text    G=(none)   M=System.IniFiles ACBP=A9
 0001:00000ED8 00000030 C=CODE     S=.text    G=(none)   M=System.Win.Registry ACBP=A9
 0001:00000F08 00000008 C=CODE     S=.text    G=(none)   M=System.UIConsts ACBP=A9
 0001:00000F10 00000010 C=CODE     S=.text    G=(none)   M=Vcl.Graphics ACBP=A9
 0001:00000F20 00000008 C=CODE     S=.text    G=(none)   M=System.SyncObjs ACBP=A9
 0001:00000F28 00000008 C=CODE     S=.text    G=(none)   M=Winapi.UxTheme ACBP=A9
 0001:00000F30 00000008 C=CODE     S=.text    G=(none)   M=Vcl.ActnList ACBP=A9
 0001:00000F38 00000008 C=CODE     S=.text    G=(none)   M=System.AnsiStrings ACBP=A9
 0001:00000F40 00000010 C=CODE     S=.text    G=(none)   M=System.Win.ComObj ACBP=A9
 0001:00000F50 00000068 C=CODE     S=.text    G=(none)   M=Winapi.MsCTF ACBP=A9
 0001:00000FB8 00000008 C=CODE     S=.text    G=(none)   M=Vcl.GraphUtil ACBP=A9
 0001:00000FC0 00000008 C=CODE     S=.text    G=(none)   M=Winapi.ShellAPI ACBP=A9
 0001:00000FC8 00000178 C=CODE     S=.text    G=(none)   M=Vcl.Controls ACBP=A9
 0001:00001140 00000090 C=CODE     S=.text    G=(none)   M=Vcl.StdCtrls ACBP=A9
 0001:000011D0 00000008 C=CODE     S=.text    G=(none)   M=Vcl.Printers ACBP=A9
 0001:000011D8 00000008 C=CODE     S=.text    G=(none)   M=Vcl.Clipbrd ACBP=A9
 0001:000011E0 000000C8 C=CODE     S=.text    G=(none)   M=Vcl.ComCtrls ACBP=A9
 0001:000012A8 00000008 C=CODE     S=.text    G=(none)   M=System.HelpIntfs ACBP=A9
 0001:000012B0 00000008 C=CODE     S=.text    G=(none)   M=Vcl.Dialogs ACBP=A9
 0001:000012B8 00000030 C=CODE     S=.text    G=(none)   M=Vcl.ExtCtrls ACBP=A9
 0001:000012E8 00000010 C=CODE     S=.text    G=(none)   M=Vcl.Themes ACBP=A9
 0001:000012F8 00000008 C=CODE     S=.text    G=(none)   M=Vcl.Menus ACBP=A9
 0001:00001300 00000008 C=CODE     S=.text    G=(none)   M=Winapi.FlatSB ACBP=A9
 0001:00001308 000001A8 C=CODE     S=.text    G=(none)   M=Vcl.Forms ACBP=A9
 0001:000014B0 00000068 C=CODE     S=.text    G=(none)   M=Vcl.SvcMgr ACBP=A9
 0001:00001518 00000010 C=CODE     S=.text    G=(none)   M=System.Win.WinRT ACBP=A9
 0001:00001528 00000028 C=CODE     S=.text    G=(none)   M=Winapi.Foundation ACBP=A9
 0001:00001550 00000020 C=CODE     S=.text    G=(none)   M=Winapi.ApplicationModel ACBP=A9
 0001:00001570 00000048 C=CODE     S=.text    G=(none)   M=Winapi.DataRT ACBP=A9
 0001:000015B8 00000040 C=CODE     S=.text    G=(none)   M=Winapi.Devices.Geolocation ACBP=A9
 0001:000015F8 00000060 C=CODE     S=.text    G=(none)   M=Winapi.Storage ACBP=A9
 0001:00001658 00000020 C=CODE     S=.text    G=(none)   M=Winapi.Storage.Streams ACBP=A9
 0001:00001678 00000170 C=CODE     S=.text    G=(none)   M=Winapi.Security.Cryptography ACBP=A9
 0001:000017E8 00000030 C=CODE     S=.text    G=(none)   M=Winapi.Security.Credentials ACBP=A9
 0001:00001818 000001E8 C=CODE     S=.text    G=(none)   M=Winapi.WebRT ACBP=A9
 0001:00001A00 000000F0 C=CODE     S=.text    G=(none)   M=Winapi.SystemRT ACBP=A9
 0001:00001AF0 00000030 C=CODE     S=.text    G=(none)   M=Winapi.UI.Notifications ACBP=A9
 0001:00001B20 00000008 C=CODE     S=.text    G=(none)   M=System.Win.Notification ACBP=A9
 0001:00001B28 00000018 C=CODE     S=.text    G=(none)   M=System.Notification ACBP=A9
 0001:00001B40 00000468 C=CODE     S=.text    G=(none)   M=LogoutFM ACBP=A9
 0001:00001FA8 00000008 C=CODE     S=.text    G=(none)   M=Vcl.Imaging.jpeg ACBP=A9
 0001:00001FB0 00000008 C=CODE     S=.text    G=(none)   M=Vcl.Imaging.pngimage ACBP=A9
 0001:00001FB8 00000008 C=CODE     S=.text    G=(none)   M=Vcl.Imaging.GIFImg ACBP=A9
 0001:00001FC0 00000008 C=CODE     S=.text    G=(none)   M=System.NetEncoding ACBP=A9
 0001:00001FC8 00000008 C=CODE     S=.text    G=(none)   M=AdvUtils ACBP=A9
 0001:00001FD0 00000010 C=CODE     S=.text    G=(none)   M=AdvPersistence ACBP=A9
 0001:00001FE0 00000008 C=CODE     S=.text    G=(none)   M=AdvGDIPlusApi ACBP=A9
 0001:00001FE8 00000008 C=CODE     S=.text    G=(none)   M=AdvGDIPlusClasses ACBP=A9
 0001:00001FF0 00000008 C=CODE     S=.text    G=(none)   M=AdvGraphicsTypes ACBP=A9
 0001:00001FF8 00000008 C=CODE     S=.text    G=(none)   M=AdvGraphics ACBP=A9
 0001:00002000 00000010 C=CODE     S=.text    G=(none)   M=Xml.Win.msxmldom ACBP=A9
 0001:00002010 00000008 C=CODE     S=.text    G=(none)   M=Xml.xmldom ACBP=A9
 0001:00002018 00000008 C=CODE     S=.text    G=(none)   M=Xml.XMLSchema ACBP=A9
 0001:00002020 00000008 C=CODE     S=.text    G=(none)   M=TMSTrial ACBP=A9
 0001:00002028 00000008 C=CODE     S=.text    G=(none)   M=AdvGraphicsStyles ACBP=A9
 0001:00002030 00000008 C=CODE     S=.text    G=(none)   M=AdvTypes ACBP=A9
 0001:00002038 00000008 C=CODE     S=.text    G=(none)   M=AdvGDIP  ACBP=A9
 0001:00002040 00000008 C=CODE     S=.text    G=(none)   M=AdvStyleIF ACBP=A9
 0001:00002048 00000008 C=CODE     S=.text    G=(none)   M=AdvXPVS  ACBP=A9
 0001:00002050 00000008 C=CODE     S=.text    G=(none)   M=Winapi.D2D1 ACBP=A9
 0001:00002058 00000010 C=CODE     S=.text    G=(none)   M=Vcl.Direct2D ACBP=A9
 0001:00002068 00000008 C=CODE     S=.text    G=(none)   M=AdvHTML  ACBP=A9
 0001:00002070 0000083C C=CODE     S=.text    G=(none)   M=ServiceFM ACBP=A9
 0001:000028AC 00000E38 C=CODE     S=.text    G=(none)   M=Service_project ACBP=A9
 0002:00000000 00000008 C=ICODE    S=.itext   G=(none)   M=System   ACBP=A9
 0002:00000008 00000008 C=ICODE    S=.itext   G=(none)   M=SysInit  ACBP=A9
 0002:00000010 00000008 C=ICODE    S=.itext   G=(none)   M=System.UITypes ACBP=A9
 0002:00000018 00000018 C=ICODE    S=.itext   G=(none)   M=Winapi.Windows ACBP=A9
 0002:00000030 00000008 C=ICODE    S=.itext   G=(none)   M=Winapi.PsAPI ACBP=A9
 0002:00000038 00000008 C=ICODE    S=.itext   G=(none)   M=System.Character ACBP=A9
 0002:00000040 00000008 C=ICODE    S=.itext   G=(none)   M=System.Internal.ExcUtils ACBP=A9
 0002:00000048 00000028 C=ICODE    S=.itext   G=(none)   M=System.SysUtils ACBP=A9
 0002:00000070 00000008 C=ICODE    S=.itext   G=(none)   M=System.VarUtils ACBP=A9
 0002:00000078 00000008 C=ICODE    S=.itext   G=(none)   M=System.Variants ACBP=A9
 0002:00000080 00000008 C=ICODE    S=.itext   G=(none)   M=System.Math ACBP=A9
 0002:00000088 00000018 C=ICODE    S=.itext   G=(none)   M=System.Rtti ACBP=A9
 0002:000000A0 00000008 C=ICODE    S=.itext   G=(none)   M=System.TypInfo ACBP=A9
 0002:000000A8 00000010 C=ICODE    S=.itext   G=(none)   M=System.Generics.Defaults ACBP=A9
 0002:000000B8 00000008 C=ICODE    S=.itext   G=(none)   M=System.TimeSpan ACBP=A9
 0002:000000C0 00000040 C=ICODE    S=.itext   G=(none)   M=System.Classes ACBP=A9
 0002:00000100 00000008 C=ICODE    S=.itext   G=(none)   M=System.Messaging ACBP=A9
 0002:00000108 00000008 C=ICODE    S=.itext   G=(none)   M=System.Actions ACBP=A9
 0002:00000110 00000010 C=ICODE    S=.itext   G=(none)   M=System.DateUtils ACBP=A9
 0002:00000120 00000008 C=ICODE    S=.itext   G=(none)   M=System.IOUtils ACBP=A9
 0002:00000128 00000008 C=ICODE    S=.itext   G=(none)   M=System.IniFiles ACBP=A9
 0002:00000130 00000008 C=ICODE    S=.itext   G=(none)   M=System.Win.Registry ACBP=A9
 0002:00000138 00000008 C=ICODE    S=.itext   G=(none)   M=System.UIConsts ACBP=A9
 0002:00000140 00000010 C=ICODE    S=.itext   G=(none)   M=Vcl.Graphics ACBP=A9
 0002:00000150 00000008 C=ICODE    S=.itext   G=(none)   M=System.SyncObjs ACBP=A9
 0002:00000158 00000008 C=ICODE    S=.itext   G=(none)   M=Winapi.UxTheme ACBP=A9
 0002:00000160 00000008 C=ICODE    S=.itext   G=(none)   M=Vcl.ActnList ACBP=A9
 0002:00000168 00000008 C=ICODE    S=.itext   G=(none)   M=System.AnsiStrings ACBP=A9
 0002:00000170 00000010 C=ICODE    S=.itext   G=(none)   M=System.Win.ComObj ACBP=A9
 0002:00000180 00000010 C=ICODE    S=.itext   G=(none)   M=Winapi.MsCTF ACBP=A9
 0002:00000190 00000008 C=ICODE    S=.itext   G=(none)   M=Vcl.GraphUtil ACBP=A9
 0002:00000198 00000008 C=ICODE    S=.itext   G=(none)   M=Vcl.Controls ACBP=A9
 0002:000001A0 00000090 C=ICODE    S=.itext   G=(none)   M=Vcl.StdCtrls ACBP=A9
 0002:00000230 00000008 C=ICODE    S=.itext   G=(none)   M=Vcl.Printers ACBP=A9
 0002:00000238 00000008 C=ICODE    S=.itext   G=(none)   M=Vcl.Clipbrd ACBP=A9
 0002:00000240 000000C8 C=ICODE    S=.itext   G=(none)   M=Vcl.ComCtrls ACBP=A9
 0002:00000308 00000008 C=ICODE    S=.itext   G=(none)   M=System.HelpIntfs ACBP=A9
 0002:00000310 00000008 C=ICODE    S=.itext   G=(none)   M=Vcl.Dialogs ACBP=A9
 0002:00000318 00000028 C=ICODE    S=.itext   G=(none)   M=Vcl.ExtCtrls ACBP=A9
 0002:00000340 00000010 C=ICODE    S=.itext   G=(none)   M=Vcl.Themes ACBP=A9
 0002:00000350 00000008 C=ICODE    S=.itext   G=(none)   M=Vcl.Menus ACBP=A9
 0002:00000358 00000008 C=ICODE    S=.itext   G=(none)   M=Winapi.FlatSB ACBP=A9
 0002:00000360 00000020 C=ICODE    S=.itext   G=(none)   M=Vcl.Forms ACBP=A9
 0002:00000380 00000008 C=ICODE    S=.itext   G=(none)   M=Vcl.SvcMgr ACBP=A9
 0002:00000388 00000010 C=ICODE    S=.itext   G=(none)   M=System.Win.WinRT ACBP=A9
 0002:00000398 00000028 C=ICODE    S=.itext   G=(none)   M=Winapi.Foundation ACBP=A9
 0002:000003C0 00000020 C=ICODE    S=.itext   G=(none)   M=Winapi.ApplicationModel ACBP=A9
 0002:000003E0 00000048 C=ICODE    S=.itext   G=(none)   M=Winapi.DataRT ACBP=A9
 0002:00000428 00000040 C=ICODE    S=.itext   G=(none)   M=Winapi.Devices.Geolocation ACBP=A9
 0002:00000468 00000060 C=ICODE    S=.itext   G=(none)   M=Winapi.Storage ACBP=A9
 0002:000004C8 00000020 C=ICODE    S=.itext   G=(none)   M=Winapi.Storage.Streams ACBP=A9
 0002:000004E8 00000170 C=ICODE    S=.itext   G=(none)   M=Winapi.Security.Cryptography ACBP=A9
 0002:00000658 00000030 C=ICODE    S=.itext   G=(none)   M=Winapi.Security.Credentials ACBP=A9
 0002:00000688 000001E8 C=ICODE    S=.itext   G=(none)   M=Winapi.WebRT ACBP=A9
 0002:00000870 000000F0 C=ICODE    S=.itext   G=(none)   M=Winapi.SystemRT ACBP=A9
 0002:00000960 00000030 C=ICODE    S=.itext   G=(none)   M=Winapi.UI.Notifications ACBP=A9
 0002:00000990 00000008 C=ICODE    S=.itext   G=(none)   M=System.Win.Notification ACBP=A9
 0002:00000998 00000008 C=ICODE    S=.itext   G=(none)   M=System.Notification ACBP=A9
 0002:000009A0 00000008 C=ICODE    S=.itext   G=(none)   M=Vcl.Imaging.jpeg ACBP=A9
 0002:000009A8 00000008 C=ICODE    S=.itext   G=(none)   M=Vcl.Imaging.pngimage ACBP=A9
 0002:000009B0 00000008 C=ICODE    S=.itext   G=(none)   M=Vcl.Imaging.GIFImg ACBP=A9
 0002:000009B8 00000008 C=ICODE    S=.itext   G=(none)   M=System.NetEncoding ACBP=A9
 0002:000009C0 00000008 C=ICODE    S=.itext   G=(none)   M=AdvUtils ACBP=A9
 0002:000009C8 00000010 C=ICODE    S=.itext   G=(none)   M=AdvPersistence ACBP=A9
 0002:000009D8 00000008 C=ICODE    S=.itext   G=(none)   M=AdvGDIPlusApi ACBP=A9
 0002:000009E0 00000008 C=ICODE    S=.itext   G=(none)   M=AdvGDIPlusClasses ACBP=A9
 0002:000009E8 00000008 C=ICODE    S=.itext   G=(none)   M=AdvGraphicsTypes ACBP=A9
 0002:000009F0 00000008 C=ICODE    S=.itext   G=(none)   M=AdvGraphics ACBP=A9
 0002:000009F8 00000010 C=ICODE    S=.itext   G=(none)   M=Xml.Win.msxmldom ACBP=A9
 0002:00000A08 00000008 C=ICODE    S=.itext   G=(none)   M=Xml.xmldom ACBP=A9
 0002:00000A10 00000008 C=ICODE    S=.itext   G=(none)   M=Xml.XMLSchema ACBP=A9
 0002:00000A18 00000008 C=ICODE    S=.itext   G=(none)   M=TMSTrial ACBP=A9
 0002:00000A20 00000008 C=ICODE    S=.itext   G=(none)   M=AdvGraphicsStyles ACBP=A9
 0002:00000A28 00000008 C=ICODE    S=.itext   G=(none)   M=AdvTypes ACBP=A9
 0002:00000A30 00000008 C=ICODE    S=.itext   G=(none)   M=AdvGDIP  ACBP=A9
 0002:00000A38 00000008 C=ICODE    S=.itext   G=(none)   M=AdvStyleIF ACBP=A9
 0002:00000A40 00000008 C=ICODE    S=.itext   G=(none)   M=AdvXPVS  ACBP=A9
 0002:00000A48 00000008 C=ICODE    S=.itext   G=(none)   M=Winapi.D2D1 ACBP=A9
 0002:00000A50 00000010 C=ICODE    S=.itext   G=(none)   M=Vcl.Direct2D ACBP=A9
 0002:00000A60 00000008 C=ICODE    S=.itext   G=(none)   M=AdvHTML  ACBP=A9
 0002:00000A68 0000007C C=ICODE    S=.itext   G=(none)   M=Service_project ACBP=A9
 0003:00000000 00000078 C=DATA     S=.data    G=DGROUP   M=SysInit  ACBP=A9
 0003:00000078 0000000C C=DATA     S=.data    G=DGROUP   M=Winapi.Windows ACBP=A9
 0003:00000084 00000004 C=DATA     S=.data    G=DGROUP   M=Winapi.MsCTF ACBP=A9
 0004:00000000 00000018 C=BSS      S=.bss     G=DGROUP   M=SysInit  ACBP=A9
 0004:00000018 00000008 C=BSS      S=.bss     G=DGROUP   M=Winapi.Windows ACBP=A9
 0004:00000020 00000008 C=BSS      S=.bss     G=DGROUP   M=Winapi.PsAPI ACBP=A9
 0004:00000028 00000004 C=BSS      S=.bss     G=DGROUP   M=Winapi.MsCTF ACBP=A9
 0004:0000002C 00000004 C=BSS      S=.bss     G=DGROUP   M=LogoutFM ACBP=A9
 0004:00000030 00000004 C=BSS      S=.bss     G=DGROUP   M=ServiceFM ACBP=A9


  Address             Publics by Name

 0002:00000A30       AdvGDIP.AdvGDIP
 0001:00002038       AdvGDIP.Finalization
 0002:000009D8       AdvGDIPlusApi.AdvGDIPlusApi
 0001:00001FE0       AdvGDIPlusApi.Finalization
 0002:000009E0       AdvGDIPlusClasses.AdvGDIPlusClasses
 0001:00001FE8       AdvGDIPlusClasses.Finalization
 0002:000009F0       AdvGraphics.AdvGraphics
 0001:00001FF8       AdvGraphics.Finalization
 0002:00000A20       AdvGraphicsStyles.AdvGraphicsStyles
 0001:00002028       AdvGraphicsStyles.Finalization
 0002:000009E8       AdvGraphicsTypes.AdvGraphicsTypes
 0001:00001FF0       AdvGraphicsTypes.Finalization
 0002:00000A60       AdvHTML.AdvHTML
 0001:00002068       AdvHTML.Finalization
 0002:000009D0       AdvPersistence.AdvPersistence
 0001:00001FD8       AdvPersistence.Finalization
 0002:000009C8       AdvPersistence.TAdvPersistence.Create@
 0001:00001FD0       AdvPersistence.TAdvPersistence.Destroy@
 0002:00000A38       AdvStyleIF.AdvStyleIF
 0001:00002040       AdvStyleIF.Finalization
 0002:00000A28       AdvTypes.AdvTypes
 0001:00002030       AdvTypes.Finalization
 0002:000009C0       AdvUtils.AdvUtils
 0001:00001FC8       AdvUtils.Finalization
 0002:00000A40       AdvXPVS.AdvXPVS
 0001:00002048       AdvXPVS.Finalization
 0001:00001B40       LogoutFM..TForm1
 0004:0000002C       LogoutFM.Form1
 0001:00001E90       LogoutFM.TForm1.Button1Click
 0001:00001F84       LogoutFM.TForm1.Timer1Timer
 0001:00002070       ServiceFM..TLogout
 0004:00000030       ServiceFM.Logout
 0001:00002428       ServiceFM.ServiceController
 0001:0000243C       ServiceFM.TLogout.GetServiceController
 0001:00002454       ServiceFM.TLogout.ServiceAfterUninstall
 0001:000025C8       ServiceFM.TLogout.ServiceStart
 0001:000026A4       ServiceFM.TLogout.ServiceStop
 0001:000026C8       ServiceFM.TLogout.Timer1Timer
 0001:000028AC       Service_project.Finalization
 0002:00000A68       Service_project.Service_project
 0001:00000C20       SysInit...
 0001:00000BEC       SysInit...
 0001:00000BC4       SysInit...
 0001:00000BAC       SysInit...
 0001:00000B7C       SysInit...
 0001:00000B68       SysInit...
 0001:00000B58       SysInit...
 0001:00000B48       SysInit...
 0001:00000B38       SysInit...
 0001:00000B28       SysInit...
 0003:00000024       SysInit...
 0001:00000B18       SysInit...
 0001:00000C10       SysInit...
 0004:00000014       SysInit..1
 0001:0000061C       SysInit.@InitExe
 0001:000000FC       SysInit.@_dbkDummyProc
 0001:00000100       SysInit.@_dbkFCallArgs
 0001:000004F0       SysInit.@_dbk_fcall_wrapper
 0001:00000668       SysInit.@_delayLoadHelper2
 0001:00000948       SysInit.@_FUnloadDelayLoadedDLL2
 0001:00000A58       SysInit.@_HrLoadAllImportsForDll
 0004:00000010       SysInit.@_pfnDliFailureHook2
 0004:0000000C       SysInit.@_pfnDliNotifyHook2
 0004:00000008       SysInit.dbkFCallWrapperAddr
 0001:00000C30       SysInit.Finalization
 0001:000000B0       SysInit.FreeLibrary
 0001:000000D0       SysInit.GetLastError
 0001:000000B8       SysInit.GetModuleHandle
 0001:000000E8       SysInit.GetProcAddress
 0004:00000000       SysInit.HInstance
 0001:000000F0       SysInit.InitializeModule
 0001:000000A0       SysInit.InterlockedExchange
 0001:000000D8       SysInit.LoadLibraryA
 0001:000000C0       SysInit.LocalAlloc
 0001:000000C8       SysInit.LocalFree
 0003:00000008       SysInit.Module
 0003:00000004       SysInit.PtrToNil
 0001:000000E0       SysInit.RaiseException
 0001:00000B10       SysInit.ShutdownDelayHelp2
 0002:00000008       SysInit.SysInit
 0003:00000000       SysInit.TlsIndex
 0004:FFFF9000       SysInit.__ImageBase
 0001:00000028       System.@CallDynaInst
 0001:00000058       System.@DoneExcept
 0001:00000068       System.@Halt0
 0001:00000048       System.@HandleAnyException
 0001:00000050       System.@HandleFinally
 0001:00000060       System.@StartExe
 0001:00000078       System.@UStrArrayClr
 0001:00000080       System.@UStrAsg
 0001:00000088       System.@UStrCat3
 0001:00000070       System.@UStrClr
 0001:00000098       System.Finalization
 0001:00000090       System.RegisterModule
 0002:00000000       System.System
 0001:00000038       System.TObject.DefaultHandler
 0001:00000040       System.TObject.Dispatch
 0001:00000018       System.TObject.Equals
 0001:00000010       System.TObject.Free
 0001:00000008       System.TObject.FreeInstance
 0001:00000020       System.TObject.GetHashCode
 0001:00000000       System.TObject.NewInstance
 0001:00000030       System.TObject.ToString
 0001:00000EB0       System.Actions.Finalization
 0002:00000108       System.Actions.System.Actions
 0001:00000F38       System.AnsiStrings.Finalization
 0002:00000168       System.AnsiStrings.System.AnsiStrings
 0001:00000D10       System.Character.Finalization
 0002:00000038       System.Character.System.Character
 0001:00000EA0       System.Classes.Finalization
 0002:000000F8       System.Classes.System.Classes
 0002:000000F0       System.Classes.TBaseAsyncResult.Create@
 0001:00000E98       System.Classes.TBaseAsyncResult.Destroy@
 0002:000000C8       System.Classes.TBinaryWriter.Create@
 0001:00000E80       System.Classes.TBinaryWriter.Destroy@
 0001:00000DE0       System.Classes.TComponent.AsyncSchedule
 0001:00000E20       System.Classes.TComponent.CanObserve
 0002:000000E0       System.Classes.TComponent.Create@
 0001:00000DB0       System.Classes.TComponent.Destroy@
 0001:00000E10       System.Classes.TComponent.GetObservers
 0001:00000DF0       System.Classes.TComponent.Loaded
 0001:00000DE8       System.Classes.TComponent.Notification
 0001:00000E28       System.Classes.TComponent.ObserverAdded
 0001:00000E40       System.Classes.TComponent.QueryInterface
 0001:00000E30       System.Classes.TComponent.SafeCallException
 0001:00000E08       System.Classes.TComponent.SetName
 0001:00000E18       System.Classes.TComponent.UpdateAction
 0001:00000E38       System.Classes.TComponent.UpdateRegistry
 0001:00000E00       System.Classes.TComponent.ValidateRename
 0001:00000DF8       System.Classes.TComponent.WriteState
 0001:00000E48       System.Classes.TDataModule.AfterConstruction
 0001:00000E50       System.Classes.TDataModule.BeforeDestruction
 0001:00000E68       System.Classes.TDataModule.DefineProperties
 0001:00000E58       System.Classes.TDataModule.DoCreate
 0001:00000E60       System.Classes.TDataModule.DoDestroy
 0001:00000E70       System.Classes.TDataModule.ReadState
 0002:000000D0       System.Classes.TFieldsCache.Create@
 0001:00000DB8       System.Classes.TFieldsCache.Destroy@
 0001:00000DD0       System.Classes.TFileStream.Create
 0002:000000E8       System.Classes.TLoginCredentialService.Create@
 0001:00000E88       System.Classes.TLoginCredentialService.Destroy@
 0002:000000C0       System.Classes.TObserverMapping.Create@
 0001:00000E90       System.Classes.TObserverMapping.Destroy@
 0001:00000DC0       System.Classes.TPersistent.Assign
 0001:00000DC8       System.Classes.TPersistent.AssignTo
 0001:00000E78       System.Classes.TStreamWriter.Create
 0002:000000D8       System.Classes.TThread.Create@
 0001:00000DD8       System.Classes.TThread.Destroy@
 0001:00000EC0       System.DateUtils.Finalization
 0002:00000118       System.DateUtils.System.DateUtils
 0002:00000110       System.DateUtils.TTimeZone.Create@
 0001:00000EB8       System.DateUtils.TTimeZone.Destroy@
 0002:000000B0       System.Generics.Defaults.TIStringComparer.Create@
 0001:00000DA0       System.Generics.Defaults.TIStringComparer.Destroy@
 0002:000000A8       System.Generics.Defaults.TStringComparer.Create@
 0001:00000D98       System.Generics.Defaults.TStringComparer.Destroy@
 0001:000012A8       System.HelpIntfs.Finalization
 0002:00000308       System.HelpIntfs.System.HelpIntfs
 0001:00000ED0       System.IniFiles.Finalization
 0002:00000128       System.IniFiles.System.IniFiles
 0001:00000D18       System.Internal.ExcUtils.Finalization
 0002:00000040       System.Internal.ExcUtils.System.Internal.ExcUtils
 0002:00000120       System.IOUtils.TPath.Create@
 0001:00000EC8       System.IOUtils.TPath.Destroy@
 0001:00000D70       System.Math.Finalization
 0002:00000080       System.Math.System.Math
 0002:00000100       System.Messaging.TMessageManager.Create@
 0001:00000EA8       System.Messaging.TMessageManager.UnInitialize@
 0002:000009B8       System.NetEncoding.TNetEncoding.Create@
 0001:00001FC0       System.NetEncoding.TNetEncoding.Destroy@
 0002:00000998       System.Notification.TCustomNotificationCenter.Create@
 0001:00001B30       System.Notification.TCustomNotificationCenter.CreateNotification
 0001:00001B28       System.Notification.TCustomNotificationCenter.Destroy@
 0001:00001B38       System.Notification.TCustomNotificationCenter.PresentNotification
 0001:00000D88       System.Rtti.Finalization
 0002:00000098       System.Rtti.System.Rtti
 0002:00000088       System.Rtti.TRttiContext.Create@
 0001:00000D80       System.Rtti.TRttiContext.Destroy@
 0002:00000090       System.Rtti.TValue.Create@
 0001:00000D78       System.Rtti.TValue.Destroy@
 0001:00000F20       System.SyncObjs.Finalization
 0002:00000150       System.SyncObjs.System.SyncObjs
 0002:00000058       System.SysUtils.Exception.Create@
 0001:00000D38       System.SysUtils.Exception.Destroy@
 0001:00000D58       System.SysUtils.Finalization
 0001:00000D28       System.SysUtils.Now
 0001:00000D48       System.SysUtils.SafeLoadLibrary
 0002:00000068       System.SysUtils.System.SysUtils
 0002:00000050       System.SysUtils.TEncoding.Create@
 0001:00000D50       System.SysUtils.TEncoding.Destroy@
 0001:00000D30       System.SysUtils.TimeToStr
 0002:00000048       System.SysUtils.TLanguages.Create@
 0001:00000D40       System.SysUtils.TLanguages.Destroy@
 0002:00000060       System.SysUtils.TOSVersion.Create@
 0001:00000D20       System.SysUtils.TOSVersion.Destroy@
 0002:000000B8       System.TimeSpan.TTimeSpan.Create@
 0001:00000DA8       System.TimeSpan.TTimeSpan.Destroy@
 0001:00000D90       System.TypInfo.Finalization
 0002:000000A0       System.TypInfo.System.TypInfo
 0001:00000F08       System.UIConsts.Finalization
 0002:00000138       System.UIConsts.System.UIConsts
 0001:00000C40       System.UITypes.Finalization
 0002:00000010       System.UITypes.System.UITypes
 0001:00000D68       System.Variants.Finalization
 0002:00000078       System.Variants.System.Variants
 0001:00000D60       System.VarUtils.Finalization
 0002:00000070       System.VarUtils.System.VarUtils
 0001:00000F48       System.Win.ComObj.Finalization
 0002:00000178       System.Win.ComObj.System.Win.ComObj
 0002:00000170       System.Win.ComObj.TComServerObject.Create@
 0001:00000F40       System.Win.ComObj.TComServerObject.Destroy@
 0002:00000990       System.Win.Notification.TNotificationCenterWinRT.Create@
 0001:00001B20       System.Win.Notification.TNotificationCenterWinRT.Destroy@
 0001:00000EE8       System.Win.Registry.TRegistry.CloseKey
 0001:00000EE0       System.Win.Registry.TRegistry.Create
 0002:00000130       System.Win.Registry.TRegistry.Create@
 0001:00000ED8       System.Win.Registry.TRegistry.Destroy@
 0001:00000EF8       System.Win.Registry.TRegistry.OpenKey
 0001:00000EF0       System.Win.Registry.TRegistry.SetRootKey
 0001:00000F00       System.Win.Registry.TRegistry.WriteString
 0001:00001520       System.Win.WinRT.Finalization
 0002:00000390       System.Win.WinRT.System.Win.WinRT
 0002:00000388       System.Win.WinRT.TWinRTImportHelper.Create@
 0001:00001518       System.Win.WinRT.TWinRTImportHelper.Destroy@
 0001:00002020       TMSTrial.Finalization
 0002:00000A18       TMSTrial.TMSTrial
 0001:00000F30       Vcl.ActnList.Finalization
 0002:00000160       Vcl.ActnList.Vcl.ActnList
 0001:000011D8       Vcl.Clipbrd.Finalization
 0002:00000238       Vcl.Clipbrd.Vcl.Clipbrd
 0001:000012A0       Vcl.ComCtrls.Finalization
 0002:000002E8       Vcl.ComCtrls.TComboBoxEx.Create@
 0001:00001288       Vcl.ComCtrls.TComboBoxEx.Destroy@
 0002:000002C8       Vcl.ComCtrls.TCoolBar.Create@
 0001:00001268       Vcl.ComCtrls.TCoolBar.Destroy@
 0002:000002E0       Vcl.ComCtrls.TCustomComboBoxEx.Create@
 0001:00001280       Vcl.ComCtrls.TCustomComboBoxEx.Destroy@
 0002:00000258       Vcl.ComCtrls.TCustomHeaderControl.Create@
 0001:000011F8       Vcl.ComCtrls.TCustomHeaderControl.Destroy@
 0002:000002A0       Vcl.ComCtrls.TCustomHotKey.Create@
 0001:00001240       Vcl.ComCtrls.TCustomHotKey.Destroy@
 0002:000002B0       Vcl.ComCtrls.TCustomListView.Create@
 0001:00001250       Vcl.ComCtrls.TCustomListView.Destroy@
 0002:00000280       Vcl.ComCtrls.TCustomRichEdit.Create@
 0001:00001220       Vcl.ComCtrls.TCustomRichEdit.Destroy@
 0002:00000250       Vcl.ComCtrls.TCustomStatusBar.Create@
 0001:000011F0       Vcl.ComCtrls.TCustomStatusBar.Destroy@
 0002:00000240       Vcl.ComCtrls.TCustomTabControl.Create@
 0001:000011E0       Vcl.ComCtrls.TCustomTabControl.Destroy@
 0002:00000260       Vcl.ComCtrls.TCustomTreeView.Create@
 0001:00001200       Vcl.ComCtrls.TCustomTreeView.Destroy@
 0002:00000290       Vcl.ComCtrls.TCustomUpDown.Create@
 0001:00001230       Vcl.ComCtrls.TCustomUpDown.Destroy@
 0002:000002D0       Vcl.ComCtrls.TDateTimePicker.Create@
 0001:00001270       Vcl.ComCtrls.TDateTimePicker.Destroy@
 0002:000002F8       Vcl.ComCtrls.THeaderControl.Create@
 0001:00001298       Vcl.ComCtrls.THeaderControl.Destroy@
 0002:000002A8       Vcl.ComCtrls.THotKey.Create@
 0001:00001248       Vcl.ComCtrls.THotKey.Destroy@
 0002:000002B8       Vcl.ComCtrls.TListView.Create@
 0001:00001258       Vcl.ComCtrls.TListView.Destroy@
 0002:000002D8       Vcl.ComCtrls.TPageScroller.Create@
 0001:00001278       Vcl.ComCtrls.TPageScroller.Destroy@
 0002:00000278       Vcl.ComCtrls.TProgressBar.Create@
 0001:00001218       Vcl.ComCtrls.TProgressBar.Destroy@
 0002:00000288       Vcl.ComCtrls.TRichEdit.Create@
 0001:00001228       Vcl.ComCtrls.TRichEdit.Destroy@
 0002:000002F0       Vcl.ComCtrls.TStatusBar.Create@
 0001:00001290       Vcl.ComCtrls.TStatusBar.Destroy@
 0002:00000248       Vcl.ComCtrls.TTabControl.Create@
 0001:000011E8       Vcl.ComCtrls.TTabControl.Destroy@
 0002:000002C0       Vcl.ComCtrls.TToolBar.Create@
 0001:00001260       Vcl.ComCtrls.TToolBar.Destroy@
 0002:00000270       Vcl.ComCtrls.TTrackBar.Create@
 0001:00001210       Vcl.ComCtrls.TTrackBar.Destroy@
 0002:00000268       Vcl.ComCtrls.TTreeView.Create@
 0001:00001208       Vcl.ComCtrls.TTreeView.Destroy@
 0002:00000298       Vcl.ComCtrls.TUpDown.Create@
 0001:00001238       Vcl.ComCtrls.TUpDown.Destroy@
 0002:00000300       Vcl.ComCtrls.Vcl.ComCtrls
 0001:00001138       Vcl.Controls.Finalization
 0001:00001020       Vcl.Controls.TControl.CreateTouchManager
 0001:00000FE8       Vcl.Controls.TControl.DefaultScalingFlags
 0001:00000FD8       Vcl.Controls.TControl.GetAction
 0001:00000FF0       Vcl.Controls.TControl.GetCurrentPPI
 0001:00000FC8       Vcl.Controls.TControl.GetDragImages
 0001:00000FD0       Vcl.Controls.TControl.GetEnabled
 0001:00001028       Vcl.Controls.TControl.GetFloatingDockSiteClass
 0001:00000FF8       Vcl.Controls.TControl.GetParentCurrentDpi
 0001:00001050       Vcl.Controls.TControl.GetStyleName
 0001:00001048       Vcl.Controls.TControl.GetSystemMetrics
 0001:00001030       Vcl.Controls.TControl.InitiateAction
 0001:00001058       Vcl.Controls.TControl.IsCustomStyleActive
 0001:00001060       Vcl.Controls.TControl.IsLightStyleColor
 0001:00001000       Vcl.Controls.TControl.SetAutoSize
 0001:00001018       Vcl.Controls.TControl.SetBiDiMode
 0001:00000FE0       Vcl.Controls.TControl.SetDragMode
 0001:00001010       Vcl.Controls.TControl.SetEnabled
 0001:00001008       Vcl.Controls.TControl.SetName
 0001:00001038       Vcl.Controls.TControl.SetStyleElements
 0001:00001040       Vcl.Controls.TControl.SetStyleName
 0001:00001100       Vcl.Controls.TWinControl.AssignTo
 0001:000010F8       Vcl.Controls.TWinControl.AsyncSchedule
 0001:00001108       Vcl.Controls.TWinControl.CanAutoSize
 0001:000010E8       Vcl.Controls.TWinControl.CanResize
 0001:000010F0       Vcl.Controls.TWinControl.ConstrainedResize
 0001:00001070       Vcl.Controls.TWinControl.CreateHandle
 0001:00001078       Vcl.Controls.TWinControl.CustomAlignInsertBefore
 0001:00001080       Vcl.Controls.TWinControl.CustomAlignPosition
 0001:00001068       Vcl.Controls.TWinControl.DestroyWnd
 0001:00001118       Vcl.Controls.TWinControl.DockReplaceDockClient
 0001:00001130       Vcl.Controls.TWinControl.GetAllocatedWindowHandle
 0001:000010E0       Vcl.Controls.TWinControl.GetClientOrigin
 0001:000010D8       Vcl.Controls.TWinControl.GetControlExtents
 0001:000010B8       Vcl.Controls.TWinControl.GetDeviceContext
 0001:000010C0       Vcl.Controls.TWinControl.Invalidate
 0001:000010D0       Vcl.Controls.TWinControl.Repaint
 0001:00001098       Vcl.Controls.TWinControl.ResetIme
 0001:000010A8       Vcl.Controls.TWinControl.ScaleControlsForDpi
 0001:000010A0       Vcl.Controls.TWinControl.SetBounds
 0001:00001090       Vcl.Controls.TWinControl.SetIme
 0001:00001110       Vcl.Controls.TWinControl.SetParentBackground
 0001:00001088       Vcl.Controls.TWinControl.SetParentDoubleBuffered
 0001:000010B0       Vcl.Controls.TWinControl.ShowControl
 0001:000010C8       Vcl.Controls.TWinControl.Update
 0001:00001128       Vcl.Controls.TWinControl.UpdateControlOriginalParentSize
 0001:00001120       Vcl.Controls.TWinControl.UpdateTIPStatus
 0002:00000198       Vcl.Controls.Vcl.Controls
 0001:000012B0       Vcl.Dialogs.Finalization
 0002:00000310       Vcl.Dialogs.Vcl.Dialogs
 0001:00002060       Vcl.Direct2D.Finalization
 0002:00000A50       Vcl.Direct2D.TDirect2DCanvas.Create@
 0001:00002058       Vcl.Direct2D.TDirect2DCanvas.Destroy@
 0002:00000A58       Vcl.Direct2D.Vcl.Direct2D
 0001:000012E0       Vcl.ExtCtrls.Finalization
 0002:00000320       Vcl.ExtCtrls.TCategoryPanelGroup.Create@
 0001:000012C8       Vcl.ExtCtrls.TCategoryPanelGroup.Destroy@
 0002:00000318       Vcl.ExtCtrls.TCustomCategoryPanelGroup.Create@
 0001:000012C0       Vcl.ExtCtrls.TCustomCategoryPanelGroup.Destroy@
 0002:00000328       Vcl.ExtCtrls.TCustomLinkLabel.Create@
 0001:000012D0       Vcl.ExtCtrls.TCustomLinkLabel.Destroy@
 0002:00000330       Vcl.ExtCtrls.TLinkLabel.Create@
 0001:000012D8       Vcl.ExtCtrls.TLinkLabel.Destroy@
 0001:000012B8       Vcl.ExtCtrls.TTimer.SetEnabled
 0002:00000338       Vcl.ExtCtrls.Vcl.ExtCtrls
 0001:000014A8       Vcl.Forms.Finalization
 0001:00001440       Vcl.Forms.TCustomForm.AdjustClientRect
 0001:00001340       Vcl.Forms.TCustomForm.AfterConstruction
 0001:00001400       Vcl.Forms.TCustomForm.AlignControls
 0001:00001350       Vcl.Forms.TCustomForm.BeforeDestruction
 0001:000013F8       Vcl.Forms.TCustomForm.ClientWndProc
 0001:00001468       Vcl.Forms.TCustomForm.CloseQuery
 0001:00001330       Vcl.Forms.TCustomForm.Create
 0002:00000368       Vcl.Forms.TCustomForm.Create@
 0001:00001348       Vcl.Forms.TCustomForm.CreateNew
 0001:00001408       Vcl.Forms.TCustomForm.CreateParams
 0001:00001418       Vcl.Forms.TCustomForm.CreateWindowHandle
 0001:00001410       Vcl.Forms.TCustomForm.CreateWnd
 0001:00001430       Vcl.Forms.TCustomForm.DefaultHandler
 0001:000013A0       Vcl.Forms.TCustomForm.DefineProperties
 0001:00001358       Vcl.Forms.TCustomForm.Destroy
 0001:00001338       Vcl.Forms.TCustomForm.Destroy@
 0001:00001420       Vcl.Forms.TCustomForm.DestroyHandle
 0001:00001428       Vcl.Forms.TCustomForm.DestroyWindowHandle
 0001:00001460       Vcl.Forms.TCustomForm.DoAfterMonitorDpiChanged
 0001:00001458       Vcl.Forms.TCustomForm.DoBeforeMonitorDpiChanged
 0001:00001360       Vcl.Forms.TCustomForm.DoCreate
 0001:00001368       Vcl.Forms.TCustomForm.DoDestroy
 0001:000013A8       Vcl.Forms.TCustomForm.DoThumbButtonNotify
 0001:000013B8       Vcl.Forms.TCustomForm.DoThumbPreviewRequest
 0001:000013B0       Vcl.Forms.TCustomForm.DoWindowPreviewRequest
 0001:000013C0       Vcl.Forms.TCustomForm.GetClientRect
 0001:00001380       Vcl.Forms.TCustomForm.GetDesignDpi
 0001:000013C8       Vcl.Forms.TCustomForm.GetFloating
 0001:00001370       Vcl.Forms.TCustomForm.Loaded
 0001:00001378       Vcl.Forms.TCustomForm.Notification
 0001:00001448       Vcl.Forms.TCustomForm.PaintWindow
 0001:00001498       Vcl.Forms.TCustomForm.QueryInterface
 0001:00001398       Vcl.Forms.TCustomForm.ReadState
 0001:00001490       Vcl.Forms.TCustomForm.RequestAlign
 0001:00001450       Vcl.Forms.TCustomForm.Resizing
 0001:00001390       Vcl.Forms.TCustomForm.ScaleForCurrentDpi
 0001:00001388       Vcl.Forms.TCustomForm.ScaleForPPI
 0001:00001470       Vcl.Forms.TCustomForm.SetFocus
 0001:00001438       Vcl.Forms.TCustomForm.SetFocusedControl
 0001:000013E0       Vcl.Forms.TCustomForm.SetParent
 0001:000013D0       Vcl.Forms.TCustomForm.SetParentBiDiMode
 0001:00001478       Vcl.Forms.TCustomForm.ShowModal
 0001:00001480       Vcl.Forms.TCustomForm.UpdateActions
 0001:00001488       Vcl.Forms.TCustomForm.UpdateStyleElements
 0001:000013E8       Vcl.Forms.TCustomForm.ValidateRename
 0001:000013D8       Vcl.Forms.TCustomForm.WantChildKey
 0001:000013F0       Vcl.Forms.TCustomForm.WndProc
 0002:00000370       Vcl.Forms.TForm.Create@
 0001:000014A0       Vcl.Forms.TForm.Destroy@
 0002:00000360       Vcl.Forms.TScrollBox.Create@
 0001:00001328       Vcl.Forms.TScrollBox.Destroy@
 0001:00001308       Vcl.Forms.TScrollingWinControl.AutoScrollEnabled
 0001:00001320       Vcl.Forms.TScrollingWinControl.AutoScrollInView
 0001:00001310       Vcl.Forms.TScrollingWinControl.DoGesture
 0001:00001318       Vcl.Forms.TScrollingWinControl.DoGetGestureOptions
 0002:00000378       Vcl.Forms.Vcl.Forms
 0001:00000F18       Vcl.Graphics.Finalization
 0002:00000140       Vcl.Graphics.TWICImage.Create@
 0001:00000F10       Vcl.Graphics.TWICImage.Destroy@
 0002:00000148       Vcl.Graphics.Vcl.Graphics
 0001:00000FB8       Vcl.GraphUtil.Finalization
 0002:00000190       Vcl.GraphUtil.Vcl.GraphUtil
 0001:00001FB8       Vcl.Imaging.GIFImg.Finalization
 0002:000009B0       Vcl.Imaging.GIFImg.Vcl.Imaging.GIFImg
 0001:00001FA8       Vcl.Imaging.jpeg.Finalization
 0002:000009A0       Vcl.Imaging.jpeg.Vcl.Imaging.jpeg
 0001:00001FB0       Vcl.Imaging.pngimage.Finalization
 0002:000009A8       Vcl.Imaging.pngimage.Vcl.Imaging.pngimage
 0001:000012F8       Vcl.Menus.Finalization
 0002:00000350       Vcl.Menus.Vcl.Menus
 0001:000011D0       Vcl.Printers.Finalization
 0002:00000230       Vcl.Printers.Vcl.Printers
 0002:00000210       Vcl.StdCtrls.TButton.Create@
 0001:000011B0       Vcl.StdCtrls.TButton.Destroy@
 0002:00000218       Vcl.StdCtrls.TCheckBox.Create@
 0001:000011B8       Vcl.StdCtrls.TCheckBox.Destroy@
 0002:00000208       Vcl.StdCtrls.TComboBox.Create@
 0001:000011A8       Vcl.StdCtrls.TComboBox.Destroy@
 0002:000001C0       Vcl.StdCtrls.TCustomButton.Create@
 0001:00001160       Vcl.StdCtrls.TCustomButton.Destroy@
 0002:000001C8       Vcl.StdCtrls.TCustomCheckBox.Create@
 0001:00001168       Vcl.StdCtrls.TCustomCheckBox.Destroy@
 0002:000001B8       Vcl.StdCtrls.TCustomComboBox.Create@
 0001:00001158       Vcl.StdCtrls.TCustomComboBox.Destroy@
 0002:000001A8       Vcl.StdCtrls.TCustomEdit.Create@
 0001:00001148       Vcl.StdCtrls.TCustomEdit.Destroy@
 0002:000001A0       Vcl.StdCtrls.TCustomGroupBox.Create@
 0001:00001140       Vcl.StdCtrls.TCustomGroupBox.Destroy@
 0002:000001D8       Vcl.StdCtrls.TCustomListBox.Create@
 0001:00001178       Vcl.StdCtrls.TCustomListBox.Destroy@
 0002:000001B0       Vcl.StdCtrls.TCustomMemo.Create@
 0001:00001150       Vcl.StdCtrls.TCustomMemo.Destroy@
 0002:000001E8       Vcl.StdCtrls.TCustomStaticText.Create@
 0001:00001188       Vcl.StdCtrls.TCustomStaticText.Destroy@
 0002:000001F8       Vcl.StdCtrls.TEdit.Create@
 0001:00001198       Vcl.StdCtrls.TEdit.Destroy@
 0002:000001F0       Vcl.StdCtrls.TGroupBox.Create@
 0001:00001190       Vcl.StdCtrls.TGroupBox.Destroy@
 0002:00000220       Vcl.StdCtrls.TListBox.Create@
 0001:000011C0       Vcl.StdCtrls.TListBox.Destroy@
 0002:00000200       Vcl.StdCtrls.TMemo.Create@
 0001:000011A0       Vcl.StdCtrls.TMemo.Destroy@
 0002:000001D0       Vcl.StdCtrls.TRadioButton.Create@
 0001:00001170       Vcl.StdCtrls.TRadioButton.Destroy@
 0002:000001E0       Vcl.StdCtrls.TScrollBar.Create@
 0001:00001180       Vcl.StdCtrls.TScrollBar.Destroy@
 0002:00000228       Vcl.StdCtrls.TStaticText.Create@
 0001:000011C8       Vcl.StdCtrls.TStaticText.Destroy@
 0001:00001510       Vcl.SvcMgr.Finalization
 0001:000014C8       Vcl.SvcMgr.TService.Controller
 0001:000014B0       Vcl.SvcMgr.TService.Create
 0001:000014B8       Vcl.SvcMgr.TService.CreateNew
 0001:000014C0       Vcl.SvcMgr.TService.Destroy
 0001:000014E8       Vcl.SvcMgr.TService.DoContinue
 0001:00001500       Vcl.SvcMgr.TService.DoCustomControl
 0001:000014F0       Vcl.SvcMgr.TService.DoInterrogate
 0001:000014E0       Vcl.SvcMgr.TService.DoPause
 0001:000014F8       Vcl.SvcMgr.TService.DoShutdown
 0001:000014D0       Vcl.SvcMgr.TService.DoStart
 0001:000014D8       Vcl.SvcMgr.TService.DoStop
 0001:00001508       Vcl.SvcMgr.TServiceApplication.Installing
 0002:00000380       Vcl.SvcMgr.Vcl.SvcMgr
 0002:00000348       Vcl.Themes.TCustomStyleEngine.Create@
 0001:000012F0       Vcl.Themes.TCustomStyleEngine.Destroy@
 0002:00000340       Vcl.Themes.TStyleManager.Create@
 0001:000012E8       Vcl.Themes.TStyleManager.Destroy@
 0002:000003C8       Winapi.ApplicationModel.{System.Win.WinRT}TWinRTGenericImportI<Winapi.ApplicationModel.AppService_IAppServiceConnection>.Create@
 0001:00001558       Winapi.ApplicationModel.{System.Win.WinRT}TWinRTGenericImportI<Winapi.ApplicationModel.AppService_IAppServiceConnection>.Destroy@
 0002:000003D8       Winapi.ApplicationModel.{System.Win.WinRT}TWinRTGenericImportI<Winapi.ApplicationModel.Payments_IPaymentMediator>.Create@
 0001:00001568       Winapi.ApplicationModel.{System.Win.WinRT}TWinRTGenericImportI<Winapi.ApplicationModel.Payments_IPaymentMediator>.Destroy@
 0002:000003C0       Winapi.ApplicationModel.{System.Win.WinRT}TWinRTGenericImportS<Winapi.ApplicationModel.IPackageStatics>.Create@
 0001:00001550       Winapi.ApplicationModel.{System.Win.WinRT}TWinRTGenericImportS<Winapi.ApplicationModel.IPackageStatics>.Destroy@
 0002:000003D0       Winapi.ApplicationModel.{System.Win.WinRT}TWinRTGenericImportS<Winapi.ApplicationModel.LockScreen_ILockApplicationHostStatics>.Create@
 0001:00001560       Winapi.ApplicationModel.{System.Win.WinRT}TWinRTGenericImportS<Winapi.ApplicationModel.LockScreen_ILockApplicationHostStatics>.Destroy@
 0001:00002050       Winapi.D2D1.Finalization
 0002:00000A48       Winapi.D2D1.Winapi.D2D1
 0002:00000420       Winapi.DataRT.{System.Win.WinRT}TWinRTGenericImportF<Winapi.DataRT.Text_ISelectableWordsSegmenterFactory>.Create@
 0001:000015B0       Winapi.DataRT.{System.Win.WinRT}TWinRTGenericImportF<Winapi.DataRT.Text_ISelectableWordsSegmenterFactory>.Destroy@
 0002:00000418       Winapi.DataRT.{System.Win.WinRT}TWinRTGenericImportF<Winapi.DataRT.Text_IWordsSegmenterFactory>.Create@
 0001:000015A8       Winapi.DataRT.{System.Win.WinRT}TWinRTGenericImportF<Winapi.DataRT.Text_IWordsSegmenterFactory>.Destroy@
 0002:000003F8       Winapi.DataRT.{System.Win.WinRT}TWinRTGenericImportS2<Winapi.DataRT.Json_IJsonValueStatics,Winapi.DataRT.Json_IJsonValueStatics2>.Create@
 0001:00001588       Winapi.DataRT.{System.Win.WinRT}TWinRTGenericImportS2<Winapi.DataRT.Json_IJsonValueStatics,Winapi.DataRT.Json_IJsonValueStatics2>.Destroy@
 0002:000003E0       Winapi.DataRT.{System.Win.WinRT}TWinRTGenericImportS<Winapi.DataRT.Json_IJsonArrayStatics>.Create@
 0001:00001570       Winapi.DataRT.{System.Win.WinRT}TWinRTGenericImportS<Winapi.DataRT.Json_IJsonArrayStatics>.Destroy@
 0002:00000400       Winapi.DataRT.{System.Win.WinRT}TWinRTGenericImportS<Winapi.DataRT.Json_IJsonErrorStatics2>.Create@
 0001:00001590       Winapi.DataRT.{System.Win.WinRT}TWinRTGenericImportS<Winapi.DataRT.Json_IJsonErrorStatics2>.Destroy@
 0002:000003E8       Winapi.DataRT.{System.Win.WinRT}TWinRTGenericImportS<Winapi.DataRT.Json_IJsonObjectStatics>.Create@
 0001:00001578       Winapi.DataRT.{System.Win.WinRT}TWinRTGenericImportS<Winapi.DataRT.Json_IJsonObjectStatics>.Destroy@
 0002:000003F0       Winapi.DataRT.{System.Win.WinRT}TWinRTGenericImportS<Winapi.DataRT.Json_IJsonValueStatics>.Create@
 0001:00001580       Winapi.DataRT.{System.Win.WinRT}TWinRTGenericImportS<Winapi.DataRT.Json_IJsonValueStatics>.Destroy@
 0002:00000410       Winapi.DataRT.{System.Win.WinRT}TWinRTGenericImportS<Winapi.DataRT.Text_IUnicodeCharactersStatics>.Create@
 0001:000015A0       Winapi.DataRT.{System.Win.WinRT}TWinRTGenericImportS<Winapi.DataRT.Text_IUnicodeCharactersStatics>.Destroy@
 0002:00000408       Winapi.DataRT.{System.Win.WinRT}TWinRTGenericImportS<Winapi.DataRT.Xml_Dom_IXmlDocumentStatics>.Create@
 0001:00001598       Winapi.DataRT.{System.Win.WinRT}TWinRTGenericImportS<Winapi.DataRT.Xml_Dom_IXmlDocumentStatics>.Destroy@
 0002:00000438       Winapi.Devices.Geolocation.{System.Win.WinRT}TWinRTGenericImportF<Winapi.Devices.Geolocation.IGeoboundingBoxFactory>.Create@
 0001:000015C8       Winapi.Devices.Geolocation.{System.Win.WinRT}TWinRTGenericImportF<Winapi.Devices.Geolocation.IGeoboundingBoxFactory>.Destroy@
 0002:00000458       Winapi.Devices.Geolocation.{System.Win.WinRT}TWinRTGenericImportF<Winapi.Devices.Geolocation.IGeocircleFactory>.Create@
 0001:000015E8       Winapi.Devices.Geolocation.{System.Win.WinRT}TWinRTGenericImportF<Winapi.Devices.Geolocation.IGeocircleFactory>.Destroy@
 0002:00000430       Winapi.Devices.Geolocation.{System.Win.WinRT}TWinRTGenericImportF<Winapi.Devices.Geolocation.IGeopathFactory>.Create@
 0001:000015C0       Winapi.Devices.Geolocation.{System.Win.WinRT}TWinRTGenericImportF<Winapi.Devices.Geolocation.IGeopathFactory>.Destroy@
 0002:00000428       Winapi.Devices.Geolocation.{System.Win.WinRT}TWinRTGenericImportF<Winapi.Devices.Geolocation.IGeopointFactory>.Create@
 0001:000015B8       Winapi.Devices.Geolocation.{System.Win.WinRT}TWinRTGenericImportF<Winapi.Devices.Geolocation.IGeopointFactory>.Destroy@
 0002:00000440       Winapi.Devices.Geolocation.{System.Win.WinRT}TWinRTGenericImportFS<Winapi.Devices.Geolocation.IGeoboundingBoxFactory,Winapi.Devices.Geolocation.IGeoboundingBoxStatics>.Create@
 0001:000015D0       Winapi.Devices.Geolocation.{System.Win.WinRT}TWinRTGenericImportFS<Winapi.Devices.Geolocation.IGeoboundingBoxFactory,Winapi.Devices.Geolocation.IGeoboundingBoxStatics>.Destroy@
 0002:00000450       Winapi.Devices.Geolocation.{System.Win.WinRT}TWinRTGenericImportS2<Winapi.Devices.Geolocation.IGeolocatorStatics,Winapi.Devices.Geolocation.IGeolocatorStatics2>.Create@
 0001:000015E0       Winapi.Devices.Geolocation.{System.Win.WinRT}TWinRTGenericImportS2<Winapi.Devices.Geolocation.IGeolocatorStatics,Winapi.Devices.Geolocation.IGeolocatorStatics2>.Destroy@
 0002:00000448       Winapi.Devices.Geolocation.{System.Win.WinRT}TWinRTGenericImportS<Winapi.Devices.Geolocation.IGeolocatorStatics>.Create@
 0001:000015D8       Winapi.Devices.Geolocation.{System.Win.WinRT}TWinRTGenericImportS<Winapi.Devices.Geolocation.IGeolocatorStatics>.Destroy@
 0002:00000460       Winapi.Devices.Geolocation.{System.Win.WinRT}TWinRTGenericImportS<Winapi.Devices.Geolocation.IGeovisitMonitorStatics>.Create@
 0001:000015F0       Winapi.Devices.Geolocation.{System.Win.WinRT}TWinRTGenericImportS<Winapi.Devices.Geolocation.IGeovisitMonitorStatics>.Destroy@
 0001:00001300       Winapi.FlatSB.Finalization
 0002:00000358       Winapi.FlatSB.Winapi.FlatSB
 0002:000003A0       Winapi.Foundation.{System.Win.WinRT}TWinRTGenericImportF<Winapi.Foundation.IDeferralFactory>.Create@
 0001:00001530       Winapi.Foundation.{System.Win.WinRT}TWinRTGenericImportF<Winapi.Foundation.IDeferralFactory>.Destroy@
 0002:000003B0       Winapi.Foundation.{System.Win.WinRT}TWinRTGenericImportF<Winapi.Foundation.IUriRuntimeClassFactory>.Create@
 0001:00001540       Winapi.Foundation.{System.Win.WinRT}TWinRTGenericImportF<Winapi.Foundation.IUriRuntimeClassFactory>.Destroy@
 0002:000003A8       Winapi.Foundation.{System.Win.WinRT}TWinRTGenericImportF<Winapi.Foundation.IWwwFormUrlDecoderRuntimeClassFactory>.Create@
 0001:00001538       Winapi.Foundation.{System.Win.WinRT}TWinRTGenericImportF<Winapi.Foundation.IWwwFormUrlDecoderRuntimeClassFactory>.Destroy@
 0002:000003B8       Winapi.Foundation.{System.Win.WinRT}TWinRTGenericImportFS<Winapi.Foundation.IUriRuntimeClassFactory,Winapi.Foundation.IUriEscapeStatics>.Create@
 0001:00001548       Winapi.Foundation.{System.Win.WinRT}TWinRTGenericImportFS<Winapi.Foundation.IUriRuntimeClassFactory,Winapi.Foundation.IUriEscapeStatics>.Destroy@
 0002:00000398       Winapi.Foundation.{System.Win.WinRT}TWinRTGenericImportS<Winapi.Foundation.IPropertyValueStatics>.Create@
 0001:00001528       Winapi.Foundation.{System.Win.WinRT}TWinRTGenericImportS<Winapi.Foundation.IPropertyValueStatics>.Destroy@
 0004:00000028       Winapi.MsCTF..1
 0001:00000F90       Winapi.MsCTF.DoneMSCTF
 0001:00000FA8       Winapi.MsCTF.Finalization
 0001:00000F50       Winapi.MsCTF.InitMSCTF
 0003:00000084       Winapi.MsCTF.MsCTFHandle
 0002:00000180       Winapi.MsCTF.Winapi.MsCTF
 0004:00000020       Winapi.PsAPI..1
 0001:00000CEC       Winapi.PsAPI.Finalization
 0004:00000024       Winapi.PsAPI.hPSAPI
 0002:00000030       Winapi.PsAPI.Winapi.PsAPI
 0002:00000678       Winapi.Security.Credentials.{System.Win.WinRT}TWinRTGenericImportF<Winapi.Security.Credentials.ICredentialFactory>.Create@
 0001:00001808       Winapi.Security.Credentials.{System.Win.WinRT}TWinRTGenericImportF<Winapi.Security.Credentials.ICredentialFactory>.Destroy@
 0002:00000670       Winapi.Security.Credentials.{System.Win.WinRT}TWinRTGenericImportF<Winapi.Security.Credentials.IWebAccountFactory>.Create@
 0001:00001800       Winapi.Security.Credentials.{System.Win.WinRT}TWinRTGenericImportF<Winapi.Security.Credentials.IWebAccountFactory>.Destroy@
 0002:00000668       Winapi.Security.Credentials.{System.Win.WinRT}TWinRTGenericImportF<Winapi.Security.Credentials.IWebAccountProviderFactory>.Create@
 0001:000017F8       Winapi.Security.Credentials.{System.Win.WinRT}TWinRTGenericImportF<Winapi.Security.Credentials.IWebAccountProviderFactory>.Destroy@
 0002:00000680       Winapi.Security.Credentials.{System.Win.WinRT}TWinRTGenericImportI<Winapi.Security.Credentials.IPasswordVault>.Create@
 0001:00001810       Winapi.Security.Credentials.{System.Win.WinRT}TWinRTGenericImportI<Winapi.Security.Credentials.IPasswordVault>.Destroy@
 0002:00000660       Winapi.Security.Credentials.{System.Win.WinRT}TWinRTGenericImportS<Winapi.Security.Credentials.IKeyCredentialManagerStatics>.Create@
 0001:000017F0       Winapi.Security.Credentials.{System.Win.WinRT}TWinRTGenericImportS<Winapi.Security.Credentials.IKeyCredentialManagerStatics>.Destroy@
 0002:00000658       Winapi.Security.Credentials.{System.Win.WinRT}TWinRTGenericImportS<Winapi.Security.Credentials.UI_IUserConsentVerifierStatics>.Create@
 0001:000017E8       Winapi.Security.Credentials.{System.Win.WinRT}TWinRTGenericImportS<Winapi.Security.Credentials.UI_IUserConsentVerifierStatics>.Destroy@
 0002:000004F0       Winapi.Security.Cryptography.{System.Win.WinRT}TWinRTGenericImportF<Winapi.Security.Cryptography.Certificates_ICertificateFactory>.Create@
 0001:00001680       Winapi.Security.Cryptography.{System.Win.WinRT}TWinRTGenericImportF<Winapi.Security.Cryptography.Certificates_ICertificateFactory>.Destroy@
 0002:00000598       Winapi.Security.Cryptography.{System.Win.WinRT}TWinRTGenericImportF<Winapi.Security.Cryptography.Certificates_ICmsAttachedSignatureFactory>.Create@
 0001:00001728       Winapi.Security.Cryptography.{System.Win.WinRT}TWinRTGenericImportF<Winapi.Security.Cryptography.Certificates_ICmsAttachedSignatureFactory>.Destroy@
 0002:000005A8       Winapi.Security.Cryptography.{System.Win.WinRT}TWinRTGenericImportF<Winapi.Security.Cryptography.Certificates_ICmsDetachedSignatureFactory>.Create@
 0001:00001738       Winapi.Security.Cryptography.{System.Win.WinRT}TWinRTGenericImportF<Winapi.Security.Cryptography.Certificates_ICmsDetachedSignatureFactory>.Destroy@
 0002:00000648       Winapi.Security.Cryptography.{System.Win.WinRT}TWinRTGenericImportF<Winapi.Security.Cryptography.DataProtection_IDataProtectionProviderFactory>.Create@
 0001:000017D8       Winapi.Security.Cryptography.{System.Win.WinRT}TWinRTGenericImportF<Winapi.Security.Cryptography.DataProtection_IDataProtectionProviderFactory>.Destroy@
 0002:000005A0       Winapi.Security.Cryptography.{System.Win.WinRT}TWinRTGenericImportFS<Winapi.Security.Cryptography.Certificates_ICmsAttachedSignatureFactory,Winapi.Security.Cryptography.Certificates_ICmsAttachedSignatureStatics>.Create@
 0001:00001730       Winapi.Security.Cryptography.{System.Win.WinRT}TWinRTGenericImportFS<Winapi.Security.Cryptography.Certificates_ICmsAttachedSignatureFactory,Winapi.Security.Cryptography.Certificates_ICmsAttachedSignatureStatics>.Destroy@
 0002:000005B0       Winapi.Security.Cryptography.{System.Win.WinRT}TWinRTGenericImportFS<Winapi.Security.Cryptography.Certificates_ICmsDetachedSignatureFactory,Winapi.Security.Cryptography.Certificates_ICmsDetachedSignatureStatics>.Create@
 0001:00001740       Winapi.Security.Cryptography.{System.Win.WinRT}TWinRTGenericImportFS<Winapi.Security.Cryptography.Certificates_ICmsDetachedSignatureFactory,Winapi.Security.Cryptography.Certificates_ICmsDetachedSignatureStatics>.Destroy@
 0002:000004E8       Winapi.Security.Cryptography.{System.Win.WinRT}TWinRTGenericImportI<Winapi.Security.Cryptography.Certificates_ICertificateExtension>.Create@
 0001:00001678       Winapi.Security.Cryptography.{System.Win.WinRT}TWinRTGenericImportI<Winapi.Security.Cryptography.Certificates_ICertificateExtension>.Destroy@
 0002:00000588       Winapi.Security.Cryptography.{System.Win.WinRT}TWinRTGenericImportI<Winapi.Security.Cryptography.Certificates_ICertificateKeyUsages>.Create@
 0001:00001718       Winapi.Security.Cryptography.{System.Win.WinRT}TWinRTGenericImportI<Winapi.Security.Cryptography.Certificates_ICertificateKeyUsages>.Destroy@
 0002:00000538       Winapi.Security.Cryptography.{System.Win.WinRT}TWinRTGenericImportI<Winapi.Security.Cryptography.Certificates_ICertificateQuery>.Create@
 0001:000016C8       Winapi.Security.Cryptography.{System.Win.WinRT}TWinRTGenericImportI<Winapi.Security.Cryptography.Certificates_ICertificateQuery>.Destroy@
 0002:00000500       Winapi.Security.Cryptography.{System.Win.WinRT}TWinRTGenericImportI<Winapi.Security.Cryptography.Certificates_ICertificateRequestProperties>.Create@
 0001:00001690       Winapi.Security.Cryptography.{System.Win.WinRT}TWinRTGenericImportI<Winapi.Security.Cryptography.Certificates_ICertificateRequestProperties>.Destroy@
 0002:00000578       Winapi.Security.Cryptography.{System.Win.WinRT}TWinRTGenericImportI<Winapi.Security.Cryptography.Certificates_IChainBuildingParameters>.Create@
 0001:00001708       Winapi.Security.Cryptography.{System.Win.WinRT}TWinRTGenericImportI<Winapi.Security.Cryptography.Certificates_IChainBuildingParameters>.Destroy@
 0002:00000580       Winapi.Security.Cryptography.{System.Win.WinRT}TWinRTGenericImportI<Winapi.Security.Cryptography.Certificates_IChainValidationParameters>.Create@
 0001:00001710       Winapi.Security.Cryptography.{System.Win.WinRT}TWinRTGenericImportI<Winapi.Security.Cryptography.Certificates_IChainValidationParameters>.Destroy@
 0002:00000590       Winapi.Security.Cryptography.{System.Win.WinRT}TWinRTGenericImportI<Winapi.Security.Cryptography.Certificates_ICmsSignerInfo>.Create@
 0001:00001720       Winapi.Security.Cryptography.{System.Win.WinRT}TWinRTGenericImportI<Winapi.Security.Cryptography.Certificates_ICmsSignerInfo>.Destroy@
 0002:00000508       Winapi.Security.Cryptography.{System.Win.WinRT}TWinRTGenericImportI<Winapi.Security.Cryptography.Certificates_IPfxImportParameters>.Create@
 0001:00001698       Winapi.Security.Cryptography.{System.Win.WinRT}TWinRTGenericImportI<Winapi.Security.Cryptography.Certificates_IPfxImportParameters>.Destroy@
 0002:000004F8       Winapi.Security.Cryptography.{System.Win.WinRT}TWinRTGenericImportI<Winapi.Security.Cryptography.Certificates_ISubjectAlternativeNameInfo>.Create@
 0001:00001688       Winapi.Security.Cryptography.{System.Win.WinRT}TWinRTGenericImportI<Winapi.Security.Cryptography.Certificates_ISubjectAlternativeNameInfo>.Destroy@
 0002:00000518       Winapi.Security.Cryptography.{System.Win.WinRT}TWinRTGenericImportS2<Winapi.Security.Cryptography.Certificates_ICertificateEnrollmentManagerStatics,Winapi.Security.Cryptography.Certificates_ICertificateEnrollmentManagerStatics2>.Create@
 0001:000016A8       Winapi.Security.Cryptography.{System.Win.WinRT}TWinRTGenericImportS2<Winapi.Security.Cryptography.Certificates_ICertificateEnrollmentManagerStatics,Winapi.Security.Cryptography.Certificates_ICertificateEnrollmentManagerStatics2>.Destroy@
 0002:00000548       Winapi.Security.Cryptography.{System.Win.WinRT}TWinRTGenericImportS2<Winapi.Security.Cryptography.Certificates_ICertificateStoresStatics,Winapi.Security.Cryptography.Certificates_ICertificateStoresStatics2>.Create@
 0001:000016D8       Winapi.Security.Cryptography.{System.Win.WinRT}TWinRTGenericImportS2<Winapi.Security.Cryptography.Certificates_ICertificateStoresStatics,Winapi.Security.Cryptography.Certificates_ICertificateStoresStatics2>.Destroy@
 0002:00000560       Winapi.Security.Cryptography.{System.Win.WinRT}TWinRTGenericImportS2<Winapi.Security.Cryptography.Certificates_IKeyAlgorithmNamesStatics,Winapi.Security.Cryptography.Certificates_IKeyAlgorithmNamesStatics2>.Create@
 0001:000016F0       Winapi.Security.Cryptography.{System.Win.WinRT}TWinRTGenericImportS2<Winapi.Security.Cryptography.Certificates_IKeyAlgorithmNamesStatics,Winapi.Security.Cryptography.Certificates_IKeyAlgorithmNamesStatics2>.Destroy@
 0002:00000530       Winapi.Security.Cryptography.{System.Win.WinRT}TWinRTGenericImportS2<Winapi.Security.Cryptography.Certificates_IKeyAttestationHelperStatics,Winapi.Security.Cryptography.Certificates_IKeyAttestationHelperStatics2>.Create@
 0001:000016C0       Winapi.Security.Cryptography.{System.Win.WinRT}TWinRTGenericImportS2<Winapi.Security.Cryptography.Certificates_IKeyAttestationHelperStatics,Winapi.Security.Cryptography.Certificates_IKeyAttestationHelperStatics2>.Destroy@
 0002:00000570       Winapi.Security.Cryptography.{System.Win.WinRT}TWinRTGenericImportS2<Winapi.Security.Cryptography.Certificates_IKeyStorageProviderNamesStatics,Winapi.Security.Cryptography.Certificates_IKeyStorageProviderNamesStatics2>.Create@
 0001:00001700       Winapi.Security.Cryptography.{System.Win.WinRT}TWinRTGenericImportS2<Winapi.Security.Cryptography.Certificates_IKeyStorageProviderNamesStatics,Winapi.Security.Cryptography.Certificates_IKeyStorageProviderNamesStatics2>.Destroy@
 0002:00000628       Winapi.Security.Cryptography.{System.Win.WinRT}TWinRTGenericImportS2<Winapi.Security.Cryptography.Core_IAsymmetricAlgorithmNamesStatics,Winapi.Security.Cryptography.Core_IAsymmetricAlgorithmNamesStatics2>.Create@
 0001:000017B8       Winapi.Security.Cryptography.{System.Win.WinRT}TWinRTGenericImportS2<Winapi.Security.Cryptography.Core_IAsymmetricAlgorithmNamesStatics,Winapi.Security.Cryptography.Core_IAsymmetricAlgorithmNamesStatics2>.Destroy@
 0002:000005D8       Winapi.Security.Cryptography.{System.Win.WinRT}TWinRTGenericImportS2<Winapi.Security.Cryptography.Core_ICryptographicEngineStatics,Winapi.Security.Cryptography.Core_ICryptographicEngineStatics2>.Create@
 0001:00001768       Winapi.Security.Cryptography.{System.Win.WinRT}TWinRTGenericImportS2<Winapi.Security.Cryptography.Core_ICryptographicEngineStatics,Winapi.Security.Cryptography.Core_ICryptographicEngineStatics2>.Destroy@
 0002:00000640       Winapi.Security.Cryptography.{System.Win.WinRT}TWinRTGenericImportS2<Winapi.Security.Cryptography.Core_IKeyDerivationAlgorithmNamesStatics,Winapi.Security.Cryptography.Core_IKeyDerivationAlgorithmNamesStatics2>.Create@
 0001:000017D0       Winapi.Security.Cryptography.{System.Win.WinRT}TWinRTGenericImportS2<Winapi.Security.Cryptography.Core_IKeyDerivationAlgorithmNamesStatics,Winapi.Security.Cryptography.Core_IKeyDerivationAlgorithmNamesStatics2>.Destroy@
 0002:000005C0       Winapi.Security.Cryptography.{System.Win.WinRT}TWinRTGenericImportS2<Winapi.Security.Cryptography.Core_IKeyDerivationParametersStatics,Winapi.Security.Cryptography.Core_IKeyDerivationParametersStatics2>.Create@
 0001:00001750       Winapi.Security.Cryptography.{System.Win.WinRT}TWinRTGenericImportS2<Winapi.Security.Cryptography.Core_IKeyDerivationParametersStatics,Winapi.Security.Cryptography.Core_IKeyDerivationParametersStatics2>.Destroy@
 0002:00000520       Winapi.Security.Cryptography.{System.Win.WinRT}TWinRTGenericImportS3<Winapi.Security.Cryptography.Certificates_ICertificateEnrollmentManagerStatics,Winapi.Security.Cryptography.Certificates_ICertificateEnrollmentManagerStatics2,Winapi.Security.Cryptography.Certificates_ICertificateEnrollmentManagerStatics3>.Create@
 0001:000016B0       Winapi.Security.Cryptography.{System.Win.WinRT}TWinRTGenericImportS3<Winapi.Security.Cryptography.Certificates_ICertificateEnrollmentManagerStatics,Winapi.Security.Cryptography.Certificates_ICertificateEnrollmentManagerStatics2,Winapi.Security.Cryptography.Certificates_ICertificateEnrollmentManagerStatics3>.Destroy@
 0002:00000510       Winapi.Security.Cryptography.{System.Win.WinRT}TWinRTGenericImportS<Winapi.Security.Cryptography.Certificates_ICertificateEnrollmentManagerStatics>.Create@
 0001:000016A0       Winapi.Security.Cryptography.{System.Win.WinRT}TWinRTGenericImportS<Winapi.Security.Cryptography.Certificates_ICertificateEnrollmentManagerStatics>.Destroy@
 0002:00000540       Winapi.Security.Cryptography.{System.Win.WinRT}TWinRTGenericImportS<Winapi.Security.Cryptography.Certificates_ICertificateStoresStatics>.Create@
 0001:000016D0       Winapi.Security.Cryptography.{System.Win.WinRT}TWinRTGenericImportS<Winapi.Security.Cryptography.Certificates_ICertificateStoresStatics>.Destroy@
 0002:00000558       Winapi.Security.Cryptography.{System.Win.WinRT}TWinRTGenericImportS<Winapi.Security.Cryptography.Certificates_IKeyAlgorithmNamesStatics>.Create@
 0001:000016E8       Winapi.Security.Cryptography.{System.Win.WinRT}TWinRTGenericImportS<Winapi.Security.Cryptography.Certificates_IKeyAlgorithmNamesStatics>.Destroy@
 0002:00000528       Winapi.Security.Cryptography.{System.Win.WinRT}TWinRTGenericImportS<Winapi.Security.Cryptography.Certificates_IKeyAttestationHelperStatics>.Create@
 0001:000016B8       Winapi.Security.Cryptography.{System.Win.WinRT}TWinRTGenericImportS<Winapi.Security.Cryptography.Certificates_IKeyAttestationHelperStatics>.Destroy@
 0002:00000568       Winapi.Security.Cryptography.{System.Win.WinRT}TWinRTGenericImportS<Winapi.Security.Cryptography.Certificates_IKeyStorageProviderNamesStatics>.Create@
 0001:000016F8       Winapi.Security.Cryptography.{System.Win.WinRT}TWinRTGenericImportS<Winapi.Security.Cryptography.Certificates_IKeyStorageProviderNamesStatics>.Destroy@
 0002:00000550       Winapi.Security.Cryptography.{System.Win.WinRT}TWinRTGenericImportS<Winapi.Security.Cryptography.Certificates_IStandardCertificateStoreNamesStatics>.Create@
 0001:000016E0       Winapi.Security.Cryptography.{System.Win.WinRT}TWinRTGenericImportS<Winapi.Security.Cryptography.Certificates_IStandardCertificateStoreNamesStatics>.Destroy@
 0002:00000620       Winapi.Security.Cryptography.{System.Win.WinRT}TWinRTGenericImportS<Winapi.Security.Cryptography.Core_IAsymmetricAlgorithmNamesStatics>.Create@
 0001:000017B0       Winapi.Security.Cryptography.{System.Win.WinRT}TWinRTGenericImportS<Winapi.Security.Cryptography.Core_IAsymmetricAlgorithmNamesStatics>.Destroy@
 0002:00000600       Winapi.Security.Cryptography.{System.Win.WinRT}TWinRTGenericImportS<Winapi.Security.Cryptography.Core_IAsymmetricKeyAlgorithmProviderStatics>.Create@
 0001:00001790       Winapi.Security.Cryptography.{System.Win.WinRT}TWinRTGenericImportS<Winapi.Security.Cryptography.Core_IAsymmetricKeyAlgorithmProviderStatics>.Destroy@
 0002:000005D0       Winapi.Security.Cryptography.{System.Win.WinRT}TWinRTGenericImportS<Winapi.Security.Cryptography.Core_ICryptographicEngineStatics>.Create@
 0001:00001760       Winapi.Security.Cryptography.{System.Win.WinRT}TWinRTGenericImportS<Winapi.Security.Cryptography.Core_ICryptographicEngineStatics>.Destroy@
 0002:00000630       Winapi.Security.Cryptography.{System.Win.WinRT}TWinRTGenericImportS<Winapi.Security.Cryptography.Core_IEccCurveNamesStatics>.Create@
 0001:000017C0       Winapi.Security.Cryptography.{System.Win.WinRT}TWinRTGenericImportS<Winapi.Security.Cryptography.Core_IEccCurveNamesStatics>.Destroy@
 0002:00000608       Winapi.Security.Cryptography.{System.Win.WinRT}TWinRTGenericImportS<Winapi.Security.Cryptography.Core_IHashAlgorithmNamesStatics>.Create@
 0001:00001798       Winapi.Security.Cryptography.{System.Win.WinRT}TWinRTGenericImportS<Winapi.Security.Cryptography.Core_IHashAlgorithmNamesStatics>.Destroy@
 0002:000005E0       Winapi.Security.Cryptography.{System.Win.WinRT}TWinRTGenericImportS<Winapi.Security.Cryptography.Core_IHashAlgorithmProviderStatics>.Create@
 0001:00001770       Winapi.Security.Cryptography.{System.Win.WinRT}TWinRTGenericImportS<Winapi.Security.Cryptography.Core_IHashAlgorithmProviderStatics>.Destroy@
 0002:00000638       Winapi.Security.Cryptography.{System.Win.WinRT}TWinRTGenericImportS<Winapi.Security.Cryptography.Core_IKeyDerivationAlgorithmNamesStatics>.Create@
 0001:000017C8       Winapi.Security.Cryptography.{System.Win.WinRT}TWinRTGenericImportS<Winapi.Security.Cryptography.Core_IKeyDerivationAlgorithmNamesStatics>.Destroy@
 0002:000005F0       Winapi.Security.Cryptography.{System.Win.WinRT}TWinRTGenericImportS<Winapi.Security.Cryptography.Core_IKeyDerivationAlgorithmProviderStatics>.Create@
 0001:00001780       Winapi.Security.Cryptography.{System.Win.WinRT}TWinRTGenericImportS<Winapi.Security.Cryptography.Core_IKeyDerivationAlgorithmProviderStatics>.Destroy@
 0002:000005B8       Winapi.Security.Cryptography.{System.Win.WinRT}TWinRTGenericImportS<Winapi.Security.Cryptography.Core_IKeyDerivationParametersStatics>.Create@
 0001:00001748       Winapi.Security.Cryptography.{System.Win.WinRT}TWinRTGenericImportS<Winapi.Security.Cryptography.Core_IKeyDerivationParametersStatics>.Destroy@
 0002:00000610       Winapi.Security.Cryptography.{System.Win.WinRT}TWinRTGenericImportS<Winapi.Security.Cryptography.Core_IMacAlgorithmNamesStatics>.Create@
 0001:000017A0       Winapi.Security.Cryptography.{System.Win.WinRT}TWinRTGenericImportS<Winapi.Security.Cryptography.Core_IMacAlgorithmNamesStatics>.Destroy@
 0002:000005E8       Winapi.Security.Cryptography.{System.Win.WinRT}TWinRTGenericImportS<Winapi.Security.Cryptography.Core_IMacAlgorithmProviderStatics>.Create@
 0001:00001778       Winapi.Security.Cryptography.{System.Win.WinRT}TWinRTGenericImportS<Winapi.Security.Cryptography.Core_IMacAlgorithmProviderStatics>.Destroy@
 0002:000005C8       Winapi.Security.Cryptography.{System.Win.WinRT}TWinRTGenericImportS<Winapi.Security.Cryptography.Core_IPersistedKeyProviderStatics>.Create@
 0001:00001758       Winapi.Security.Cryptography.{System.Win.WinRT}TWinRTGenericImportS<Winapi.Security.Cryptography.Core_IPersistedKeyProviderStatics>.Destroy@
 0002:00000618       Winapi.Security.Cryptography.{System.Win.WinRT}TWinRTGenericImportS<Winapi.Security.Cryptography.Core_ISymmetricAlgorithmNamesStatics>.Create@
 0001:000017A8       Winapi.Security.Cryptography.{System.Win.WinRT}TWinRTGenericImportS<Winapi.Security.Cryptography.Core_ISymmetricAlgorithmNamesStatics>.Destroy@
 0002:000005F8       Winapi.Security.Cryptography.{System.Win.WinRT}TWinRTGenericImportS<Winapi.Security.Cryptography.Core_ISymmetricKeyAlgorithmProviderStatics>.Create@
 0001:00001788       Winapi.Security.Cryptography.{System.Win.WinRT}TWinRTGenericImportS<Winapi.Security.Cryptography.Core_ISymmetricKeyAlgorithmProviderStatics>.Destroy@
 0002:00000650       Winapi.Security.Cryptography.{System.Win.WinRT}TWinRTGenericImportS<Winapi.Security.Cryptography.ICryptographicBufferStatics>.Create@
 0001:000017E0       Winapi.Security.Cryptography.{System.Win.WinRT}TWinRTGenericImportS<Winapi.Security.Cryptography.ICryptographicBufferStatics>.Destroy@
 0001:00000FC0       Winapi.ShellAPI.ShellExecute
 0002:00000468       Winapi.Storage.{System.Win.WinRT}TWinRTGenericImportF<Winapi.Storage.Compression_ICompressorFactory>.Create@
 0001:000015F8       Winapi.Storage.{System.Win.WinRT}TWinRTGenericImportF<Winapi.Storage.Compression_ICompressorFactory>.Destroy@
 0002:00000470       Winapi.Storage.{System.Win.WinRT}TWinRTGenericImportF<Winapi.Storage.Compression_IDecompressorFactory>.Create@
 0001:00001600       Winapi.Storage.{System.Win.WinRT}TWinRTGenericImportF<Winapi.Storage.Compression_IDecompressorFactory>.Destroy@
 0002:00000498       Winapi.Storage.{System.Win.WinRT}TWinRTGenericImportI<Winapi.CommonTypes.IPropertySet>.Create@
 0001:00001628       Winapi.Storage.{System.Win.WinRT}TWinRTGenericImportI<Winapi.CommonTypes.IPropertySet>.Destroy@
 0002:000004A0       Winapi.Storage.{System.Win.WinRT}TWinRTGenericImportI<Winapi.Storage.Provider_IStorageProviderItemProperty>.Create@
 0001:00001630       Winapi.Storage.{System.Win.WinRT}TWinRTGenericImportI<Winapi.Storage.Provider_IStorageProviderItemProperty>.Destroy@
 0002:000004B0       Winapi.Storage.{System.Win.WinRT}TWinRTGenericImportI<Winapi.Storage.Provider_IStorageProviderItemPropertyDefinition>.Create@
 0001:00001640       Winapi.Storage.{System.Win.WinRT}TWinRTGenericImportI<Winapi.Storage.Provider_IStorageProviderItemPropertyDefinition>.Destroy@
 0002:000004B8       Winapi.Storage.{System.Win.WinRT}TWinRTGenericImportI<Winapi.Storage.Provider_IStorageProviderSyncRootInfo>.Create@
 0001:00001648       Winapi.Storage.{System.Win.WinRT}TWinRTGenericImportI<Winapi.Storage.Provider_IStorageProviderSyncRootInfo>.Destroy@
 0002:00000490       Winapi.Storage.{System.Win.WinRT}TWinRTGenericImportS2<Winapi.Storage.IApplicationDataStatics,Winapi.Storage.IApplicationDataStatics2>.Create@
 0001:00001620       Winapi.Storage.{System.Win.WinRT}TWinRTGenericImportS2<Winapi.Storage.IApplicationDataStatics,Winapi.Storage.IApplicationDataStatics2>.Destroy@
 0002:00000478       Winapi.Storage.{System.Win.WinRT}TWinRTGenericImportS<Winapi.Storage.FileProperties_IGeotagHelperStatics>.Create@
 0001:00001608       Winapi.Storage.{System.Win.WinRT}TWinRTGenericImportS<Winapi.Storage.FileProperties_IGeotagHelperStatics>.Destroy@
 0002:00000488       Winapi.Storage.{System.Win.WinRT}TWinRTGenericImportS<Winapi.Storage.IApplicationDataStatics>.Create@
 0001:00001618       Winapi.Storage.{System.Win.WinRT}TWinRTGenericImportS<Winapi.Storage.IApplicationDataStatics>.Destroy@
 0002:00000480       Winapi.Storage.{System.Win.WinRT}TWinRTGenericImportS<Winapi.Storage.IStorageFileStatics>.Create@
 0001:00001610       Winapi.Storage.{System.Win.WinRT}TWinRTGenericImportS<Winapi.Storage.IStorageFileStatics>.Destroy@
 0002:000004A8       Winapi.Storage.{System.Win.WinRT}TWinRTGenericImportS<Winapi.Storage.Provider_IStorageProviderItemPropertiesStatics>.Create@
 0001:00001638       Winapi.Storage.{System.Win.WinRT}TWinRTGenericImportS<Winapi.Storage.Provider_IStorageProviderItemPropertiesStatics>.Destroy@
 0002:000004C0       Winapi.Storage.{System.Win.WinRT}TWinRTGenericImportS<Winapi.Storage.Provider_IStorageProviderSyncRootManagerStatics>.Create@
 0001:00001650       Winapi.Storage.{System.Win.WinRT}TWinRTGenericImportS<Winapi.Storage.Provider_IStorageProviderSyncRootManagerStatics>.Destroy@
 0002:000004C8       Winapi.Storage.Streams.{System.Win.WinRT}TWinRTGenericImportF<Winapi.Storage.Streams.IDataReaderFactory>.Create@
 0001:00001658       Winapi.Storage.Streams.{System.Win.WinRT}TWinRTGenericImportF<Winapi.Storage.Streams.IDataReaderFactory>.Destroy@
 0002:000004D8       Winapi.Storage.Streams.{System.Win.WinRT}TWinRTGenericImportF<Winapi.Storage.Streams.IDataWriterFactory>.Create@
 0001:00001668       Winapi.Storage.Streams.{System.Win.WinRT}TWinRTGenericImportF<Winapi.Storage.Streams.IDataWriterFactory>.Destroy@
 0002:000004D0       Winapi.Storage.Streams.{System.Win.WinRT}TWinRTGenericImportFS<Winapi.Storage.Streams.IDataReaderFactory,Winapi.Storage.Streams.IDataReaderStatics>.Create@
 0001:00001660       Winapi.Storage.Streams.{System.Win.WinRT}TWinRTGenericImportFS<Winapi.Storage.Streams.IDataReaderFactory,Winapi.Storage.Streams.IDataReaderStatics>.Destroy@
 0002:000004E0       Winapi.Storage.Streams.{System.Win.WinRT}TWinRTGenericImportS<Winapi.Storage.Streams.IRandomAccessStreamReferenceStatics>.Create@
 0001:00001670       Winapi.Storage.Streams.{System.Win.WinRT}TWinRTGenericImportS<Winapi.Storage.Streams.IRandomAccessStreamReferenceStatics>.Destroy@
 0002:000008D8       Winapi.SystemRT.{System.Win.WinRT}TWinRTGenericImportI<Winapi.SystemRT.Diagnostics_Telemetry_IPlatformTelemetryRegistrationSettings>.Create@
 0001:00001A68       Winapi.SystemRT.{System.Win.WinRT}TWinRTGenericImportI<Winapi.SystemRT.Diagnostics_Telemetry_IPlatformTelemetryRegistrationSettings>.Destroy@
 0002:00000878       Winapi.SystemRT.{System.Win.WinRT}TWinRTGenericImportI<Winapi.SystemRT.IProcessLauncherOptions>.Create@
 0001:00001A08       Winapi.SystemRT.{System.Win.WinRT}TWinRTGenericImportI<Winapi.SystemRT.IProcessLauncherOptions>.Destroy@
 0002:000008F8       Winapi.SystemRT.{System.Win.WinRT}TWinRTGenericImportS2<Winapi.SystemRT.Diagnostics_IProcessDiagnosticInfoStatics,Winapi.SystemRT.Diagnostics_IProcessDiagnosticInfoStatics2>.Create@
 0001:00001A88       Winapi.SystemRT.{System.Win.WinRT}TWinRTGenericImportS2<Winapi.SystemRT.Diagnostics_IProcessDiagnosticInfoStatics,Winapi.SystemRT.Diagnostics_IProcessDiagnosticInfoStatics2>.Destroy@
 0002:00000920       Winapi.SystemRT.{System.Win.WinRT}TWinRTGenericImportS2<Winapi.SystemRT.IAppDiagnosticInfoStatics,Winapi.SystemRT.IAppDiagnosticInfoStatics2>.Create@
 0001:00001AB0       Winapi.SystemRT.{System.Win.WinRT}TWinRTGenericImportS2<Winapi.SystemRT.IAppDiagnosticInfoStatics,Winapi.SystemRT.IAppDiagnosticInfoStatics2>.Destroy@
 0002:00000890       Winapi.SystemRT.{System.Win.WinRT}TWinRTGenericImportS2<Winapi.SystemRT.IShutdownManagerStatics,Winapi.SystemRT.IShutdownManagerStatics2>.Create@
 0001:00001A20       Winapi.SystemRT.{System.Win.WinRT}TWinRTGenericImportS2<Winapi.SystemRT.IShutdownManagerStatics,Winapi.SystemRT.IShutdownManagerStatics2>.Destroy@
 0002:00000940       Winapi.SystemRT.{System.Win.WinRT}TWinRTGenericImportS2<Winapi.SystemRT.Profile_ISharedModeSettingsStatics,Winapi.SystemRT.Profile_ISharedModeSettingsStatics2>.Create@
 0001:00001AD0       Winapi.SystemRT.{System.Win.WinRT}TWinRTGenericImportS2<Winapi.SystemRT.Profile_ISharedModeSettingsStatics,Winapi.SystemRT.Profile_ISharedModeSettingsStatics2>.Destroy@
 0002:00000910       Winapi.SystemRT.{System.Win.WinRT}TWinRTGenericImportS2<Winapi.SystemRT.UserProfile_IGlobalizationPreferencesStatics,Winapi.SystemRT.UserProfile_IGlobalizationPreferencesStatics2>.Create@
 0001:00001AA0       Winapi.SystemRT.{System.Win.WinRT}TWinRTGenericImportS2<Winapi.SystemRT.UserProfile_IGlobalizationPreferencesStatics,Winapi.SystemRT.UserProfile_IGlobalizationPreferencesStatics2>.Destroy@
 0002:00000958       Winapi.SystemRT.{System.Win.WinRT}TWinRTGenericImportS2<Winapi.SystemRT.UserProfile_ILockScreenImageFeedStatics,Winapi.SystemRT.UserProfile_ILockScreenStatics>.Create@
 0001:00001AE8       Winapi.SystemRT.{System.Win.WinRT}TWinRTGenericImportS2<Winapi.SystemRT.UserProfile_ILockScreenImageFeedStatics,Winapi.SystemRT.UserProfile_ILockScreenStatics>.Destroy@
 0002:000008F0       Winapi.SystemRT.{System.Win.WinRT}TWinRTGenericImportS<Winapi.SystemRT.Diagnostics_IProcessDiagnosticInfoStatics>.Create@
 0001:00001A80       Winapi.SystemRT.{System.Win.WinRT}TWinRTGenericImportS<Winapi.SystemRT.Diagnostics_IProcessDiagnosticInfoStatics>.Destroy@
 0002:00000900       Winapi.SystemRT.{System.Win.WinRT}TWinRTGenericImportS<Winapi.SystemRT.Diagnostics_ISystemDiagnosticInfoStatics>.Create@
 0001:00001A90       Winapi.SystemRT.{System.Win.WinRT}TWinRTGenericImportS<Winapi.SystemRT.Diagnostics_ISystemDiagnosticInfoStatics>.Destroy@
 0002:000008E0       Winapi.SystemRT.{System.Win.WinRT}TWinRTGenericImportS<Winapi.SystemRT.Diagnostics_Telemetry_IPlatformTelemetryClientStatics>.Create@
 0001:00001A70       Winapi.SystemRT.{System.Win.WinRT}TWinRTGenericImportS<Winapi.SystemRT.Diagnostics_Telemetry_IPlatformTelemetryClientStatics>.Destroy@
 0002:000008D0       Winapi.SystemRT.{System.Win.WinRT}TWinRTGenericImportS<Winapi.SystemRT.Diagnostics_TraceReporting_IPlatformDiagnosticActionsStatics>.Create@
 0001:00001A60       Winapi.SystemRT.{System.Win.WinRT}TWinRTGenericImportS<Winapi.SystemRT.Diagnostics_TraceReporting_IPlatformDiagnosticActionsStatics>.Destroy@
 0002:00000918       Winapi.SystemRT.{System.Win.WinRT}TWinRTGenericImportS<Winapi.SystemRT.IAppDiagnosticInfoStatics>.Create@
 0001:00001AA8       Winapi.SystemRT.{System.Win.WinRT}TWinRTGenericImportS<Winapi.SystemRT.IAppDiagnosticInfoStatics>.Destroy@
 0002:00000870       Winapi.SystemRT.{System.Win.WinRT}TWinRTGenericImportS<Winapi.SystemRT.IDateTimeSettingsStatics>.Create@
 0001:00001A00       Winapi.SystemRT.{System.Win.WinRT}TWinRTGenericImportS<Winapi.SystemRT.IDateTimeSettingsStatics>.Destroy@
 0002:000008A0       Winapi.SystemRT.{System.Win.WinRT}TWinRTGenericImportS<Winapi.SystemRT.IDispatcherQueueControllerStatics>.Create@
 0001:00001A30       Winapi.SystemRT.{System.Win.WinRT}TWinRTGenericImportS<Winapi.SystemRT.IDispatcherQueueControllerStatics>.Destroy@
 0002:00000898       Winapi.SystemRT.{System.Win.WinRT}TWinRTGenericImportS<Winapi.SystemRT.IDispatcherQueueStatics>.Create@
 0001:00001A28       Winapi.SystemRT.{System.Win.WinRT}TWinRTGenericImportS<Winapi.SystemRT.IDispatcherQueueStatics>.Destroy@
 0002:000008B0       Winapi.SystemRT.{System.Win.WinRT}TWinRTGenericImportS<Winapi.SystemRT.IKnownUserPropertiesStatics>.Create@
 0001:00001A40       Winapi.SystemRT.{System.Win.WinRT}TWinRTGenericImportS<Winapi.SystemRT.IKnownUserPropertiesStatics>.Destroy@
 0002:00000880       Winapi.SystemRT.{System.Win.WinRT}TWinRTGenericImportS<Winapi.SystemRT.IProcessLauncherStatics>.Create@
 0001:00001A10       Winapi.SystemRT.{System.Win.WinRT}TWinRTGenericImportS<Winapi.SystemRT.IProcessLauncherStatics>.Destroy@
 0002:00000888       Winapi.SystemRT.{System.Win.WinRT}TWinRTGenericImportS<Winapi.SystemRT.IShutdownManagerStatics>.Create@
 0001:00001A18       Winapi.SystemRT.{System.Win.WinRT}TWinRTGenericImportS<Winapi.SystemRT.IShutdownManagerStatics>.Destroy@
 0002:000008C0       Winapi.SystemRT.{System.Win.WinRT}TWinRTGenericImportS<Winapi.SystemRT.IUserDeviceAssociationStatics>.Create@
 0001:00001A50       Winapi.SystemRT.{System.Win.WinRT}TWinRTGenericImportS<Winapi.SystemRT.IUserDeviceAssociationStatics>.Destroy@
 0002:000008B8       Winapi.SystemRT.{System.Win.WinRT}TWinRTGenericImportS<Winapi.SystemRT.IUserPickerStatics>.Create@
 0001:00001A48       Winapi.SystemRT.{System.Win.WinRT}TWinRTGenericImportS<Winapi.SystemRT.IUserPickerStatics>.Destroy@
 0002:000008A8       Winapi.SystemRT.{System.Win.WinRT}TWinRTGenericImportS<Winapi.SystemRT.IUserStatics>.Create@
 0001:00001A38       Winapi.SystemRT.{System.Win.WinRT}TWinRTGenericImportS<Winapi.SystemRT.IUserStatics>.Destroy@
 0002:00000928       Winapi.SystemRT.{System.Win.WinRT}TWinRTGenericImportS<Winapi.SystemRT.Profile_IPlatformDiagnosticsAndUsageDataSettingsStatics>.Create@
 0001:00001AB8       Winapi.SystemRT.{System.Win.WinRT}TWinRTGenericImportS<Winapi.SystemRT.Profile_IPlatformDiagnosticsAndUsageDataSettingsStatics>.Destroy@
 0002:00000938       Winapi.SystemRT.{System.Win.WinRT}TWinRTGenericImportS<Winapi.SystemRT.Profile_ISharedModeSettingsStatics>.Create@
 0001:00001AC8       Winapi.SystemRT.{System.Win.WinRT}TWinRTGenericImportS<Winapi.SystemRT.Profile_ISharedModeSettingsStatics>.Destroy@
 0002:000008C8       Winapi.SystemRT.{System.Win.WinRT}TWinRTGenericImportS<Winapi.SystemRT.UserProfile_IDiagnosticsSettingsStatics>.Create@
 0001:00001A58       Winapi.SystemRT.{System.Win.WinRT}TWinRTGenericImportS<Winapi.SystemRT.UserProfile_IDiagnosticsSettingsStatics>.Destroy@
 0002:00000930       Winapi.SystemRT.{System.Win.WinRT}TWinRTGenericImportS<Winapi.SystemRT.UserProfile_IFirstSignInSettingsStatics>.Create@
 0001:00001AC0       Winapi.SystemRT.{System.Win.WinRT}TWinRTGenericImportS<Winapi.SystemRT.UserProfile_IFirstSignInSettingsStatics>.Destroy@
 0002:00000908       Winapi.SystemRT.{System.Win.WinRT}TWinRTGenericImportS<Winapi.SystemRT.UserProfile_IGlobalizationPreferencesStatics>.Create@
 0001:00001A98       Winapi.SystemRT.{System.Win.WinRT}TWinRTGenericImportS<Winapi.SystemRT.UserProfile_IGlobalizationPreferencesStatics>.Destroy@
 0002:00000950       Winapi.SystemRT.{System.Win.WinRT}TWinRTGenericImportS<Winapi.SystemRT.UserProfile_ILockScreenImageFeedStatics>.Create@
 0001:00001AE0       Winapi.SystemRT.{System.Win.WinRT}TWinRTGenericImportS<Winapi.SystemRT.UserProfile_ILockScreenImageFeedStatics>.Destroy@
[...]
 0002:00000800       Winapi.WebRT.{System.Win.WinRT}TWinRTGenericImportS<Winapi.WebRT.IWebErrorStatics>.Create@
 0002:00000808       Winapi.WebRT.{System.Win.WinRT}TWinRTGenericImportF<Winapi.WebRT.Syndication_ISyndicationAttributeFactory>.Create@
 0002:00000810       Winapi.WebRT.{System.Win.WinRT}TWinRTGenericImportF<Winapi.WebRT.Syndication_ISyndicationNodeFactory>.Create@
 0002:00000818       Winapi.WebRT.{System.Win.WinRT}TWinRTGenericImportF<Winapi.WebRT.Syndication_ISyndicationGeneratorFactory>.Create@
 0002:00000820       Winapi.WebRT.{System.Win.WinRT}TWinRTGenericImportF<Winapi.WebRT.Syndication_ISyndicationTextFactory>.Create@
 0002:00000828       Winapi.WebRT.{System.Win.WinRT}TWinRTGenericImportF<Winapi.WebRT.Syndication_ISyndicationContentFactory>.Create@
 0002:00000830       Winapi.WebRT.{System.Win.WinRT}TWinRTGenericImportF<Winapi.WebRT.Syndication_ISyndicationLinkFactory>.Create@
 0002:00000838       Winapi.WebRT.{System.Win.WinRT}TWinRTGenericImportF<Winapi.WebRT.Syndication_ISyndicationPersonFactory>.Create@
 0002:00000840       Winapi.WebRT.{System.Win.WinRT}TWinRTGenericImportF<Winapi.WebRT.Syndication_ISyndicationCategoryFactory>.Create@
 0002:00000848       Winapi.WebRT.{System.Win.WinRT}TWinRTGenericImportF<Winapi.WebRT.Syndication_ISyndicationFeedFactory>.Create@
 0002:00000850       Winapi.WebRT.{System.Win.WinRT}TWinRTGenericImportF<Winapi.WebRT.Syndication_ISyndicationItemFactory>.Create@
 0002:00000858       Winapi.WebRT.{System.Win.WinRT}TWinRTGenericImportF<Winapi.WebRT.Syndication_ISyndicationClientFactory>.Create@
 0002:00000860       Winapi.WebRT.{System.Win.WinRT}TWinRTGenericImportS<Winapi.WebRT.Syndication_ISyndicationErrorStatics>.Create@
 0002:00000868       Winapi.WebRT.{System.Win.WinRT}TWinRTGenericImportF<Winapi.WebRT.AtomPub_IAtomPubClientFactory>.Create@
 0002:00000870       Winapi.SystemRT.{System.Win.WinRT}TWinRTGenericImportS<Winapi.SystemRT.IDateTimeSettingsStatics>.Create@
 0002:00000878       Winapi.SystemRT.{System.Win.WinRT}TWinRTGenericImportI<Winapi.SystemRT.IProcessLauncherOptions>.Create@
 0002:00000880       Winapi.SystemRT.{System.Win.WinRT}TWinRTGenericImportS<Winapi.SystemRT.IProcessLauncherStatics>.Create@
 0002:00000888       Winapi.SystemRT.{System.Win.WinRT}TWinRTGenericImportS<Winapi.SystemRT.IShutdownManagerStatics>.Create@
 0002:00000890       Winapi.SystemRT.{System.Win.WinRT}TWinRTGenericImportS2<Winapi.SystemRT.IShutdownManagerStatics,Winapi.SystemRT.IShutdownManagerStatics2>.Create@
 0002:00000898       Winapi.SystemRT.{System.Win.WinRT}TWinRTGenericImportS<Winapi.SystemRT.IDispatcherQueueStatics>.Create@
 0002:000008A0       Winapi.SystemRT.{System.Win.WinRT}TWinRTGenericImportS<Winapi.SystemRT.IDispatcherQueueControllerStatics>.Create@
 0002:000008A8       Winapi.SystemRT.{System.Win.WinRT}TWinRTGenericImportS<Winapi.SystemRT.IUserStatics>.Create@
 0002:000008B0       Winapi.SystemRT.{System.Win.WinRT}TWinRTGenericImportS<Winapi.SystemRT.IKnownUserPropertiesStatics>.Create@
 0002:000008B8       Winapi.SystemRT.{System.Win.WinRT}TWinRTGenericImportS<Winapi.SystemRT.IUserPickerStatics>.Create@
 0002:000008C0       Winapi.SystemRT.{System.Win.WinRT}TWinRTGenericImportS<Winapi.SystemRT.IUserDeviceAssociationStatics>.Create@
 0002:000008C8       Winapi.SystemRT.{System.Win.WinRT}TWinRTGenericImportS<Winapi.SystemRT.UserProfile_IDiagnosticsSettingsStatics>.Create@
 0002:000008D0       Winapi.SystemRT.{System.Win.WinRT}TWinRTGenericImportS<Winapi.SystemRT.Diagnostics_TraceReporting_IPlatformDiagnosticActionsStatics>.Create@
 0002:000008D8       Winapi.SystemRT.{System.Win.WinRT}TWinRTGenericImportI<Winapi.SystemRT.Diagnostics_Telemetry_IPlatformTelemetryRegistrationSettings>.Create@
 0002:000008E0       Winapi.SystemRT.{System.Win.WinRT}TWinRTGenericImportS<Winapi.SystemRT.Diagnostics_Telemetry_IPlatformTelemetryClientStatics>.Create@
 0002:000008E8       Winapi.SystemRT.{System.Win.WinRT}TWinRTGenericImportS<Winapi.SystemRT.UserProfile_IUserProfilePersonalizationSettingsStatics>.Create@
 0002:000008F0       Winapi.SystemRT.{System.Win.WinRT}TWinRTGenericImportS<Winapi.SystemRT.Diagnostics_IProcessDiagnosticInfoStatics>.Create@
 0002:000008F8       Winapi.SystemRT.{System.Win.WinRT}TWinRTGenericImportS2<Winapi.SystemRT.Diagnostics_IProcessDiagnosticInfoStatics,Winapi.SystemRT.Diagnostics_IProcessDiagnosticInfoStatics2>.Create@
 0002:00000900       Winapi.SystemRT.{System.Win.WinRT}TWinRTGenericImportS<Winapi.SystemRT.Diagnostics_ISystemDiagnosticInfoStatics>.Create@
 0002:00000908       Winapi.SystemRT.{System.Win.WinRT}TWinRTGenericImportS<Winapi.SystemRT.UserProfile_IGlobalizationPreferencesStatics>.Create@
 0002:00000910       Winapi.SystemRT.{System.Win.WinRT}TWinRTGenericImportS2<Winapi.SystemRT.UserProfile_IGlobalizationPreferencesStatics,Winapi.SystemRT.UserProfile_IGlobalizationPreferencesStatics2>.Create@
 0002:00000918       Winapi.SystemRT.{System.Win.WinRT}TWinRTGenericImportS<Winapi.SystemRT.IAppDiagnosticInfoStatics>.Create@
 0002:00000920       Winapi.SystemRT.{System.Win.WinRT}TWinRTGenericImportS2<Winapi.SystemRT.IAppDiagnosticInfoStatics,Winapi.SystemRT.IAppDiagnosticInfoStatics2>.Create@
 0002:00000928       Winapi.SystemRT.{System.Win.WinRT}TWinRTGenericImportS<Winapi.SystemRT.Profile_IPlatformDiagnosticsAndUsageDataSettingsStatics>.Create@
 0002:00000930       Winapi.SystemRT.{System.Win.WinRT}TWinRTGenericImportS<Winapi.SystemRT.UserProfile_IFirstSignInSettingsStatics>.Create@
 0002:00000938       Winapi.SystemRT.{System.Win.WinRT}TWinRTGenericImportS<Winapi.SystemRT.Profile_ISharedModeSettingsStatics>.Create@
 0002:00000940       Winapi.SystemRT.{System.Win.WinRT}TWinRTGenericImportS2<Winapi.SystemRT.Profile_ISharedModeSettingsStatics,Winapi.SystemRT.Profile_ISharedModeSettingsStatics2>.Create@
 0002:00000948       Winapi.SystemRT.{System.Win.WinRT}TWinRTGenericImportS<Winapi.SystemRT.UserProfile_IUserInformationStatics>.Create@
 0002:00000950       Winapi.SystemRT.{System.Win.WinRT}TWinRTGenericImportS<Winapi.SystemRT.UserProfile_ILockScreenImageFeedStatics>.Create@
 0002:00000958       Winapi.SystemRT.{System.Win.WinRT}TWinRTGenericImportS2<Winapi.SystemRT.UserProfile_ILockScreenImageFeedStatics,Winapi.SystemRT.UserProfile_ILockScreenStatics>.Create@
 0002:00000960       Winapi.UI.Notifications.{System.Win.WinRT}TWinRTGenericImportF<Winapi.UI.Notifications.IToastNotificationFactory>.Create@
 0002:00000968       Winapi.UI.Notifications.{System.Win.WinRT}TWinRTGenericImportF<Winapi.UI.Notifications.IToastCollectionFactory>.Create@
 0002:00000970       Winapi.UI.Notifications.{System.Win.WinRT}TWinRTGenericImportS<Winapi.UI.Notifications.IToastNotificationManagerStatics>.Create@
 0002:00000978       Winapi.UI.Notifications.{System.Win.WinRT}TWinRTGenericImportS2<Winapi.UI.Notifications.IToastNotificationManagerStatics,Winapi.UI.Notifications.IToastNotificationManagerStatics2>.Create@
 0002:00000980       Winapi.UI.Notifications.{System.Win.WinRT}TWinRTGenericImportS3<Winapi.UI.Notifications.IToastNotificationManagerStatics,Winapi.UI.Notifications.IToastNotificationManagerStatics2,Winapi.UI.Notifications.IToastNotificationManagerStatics4>.Create@
 0002:00000988       Winapi.UI.Notifications.{System.Win.WinRT}TWinRTGenericImportS4<Winapi.UI.Notifications.IToastNotificationManagerStatics,Winapi.UI.Notifications.IToastNotificationManagerStatics2,Winapi.UI.Notifications.IToastNotificationManagerStatics4,Winapi.UI.Notifications.IToastNotificationManagerStatics5>.Create@
 0002:00000990       System.Win.Notification.TNotificationCenterWinRT.Create@
 0002:00000998       System.Notification.TCustomNotificationCenter.Create@
 0002:000009A0       Vcl.Imaging.jpeg.Vcl.Imaging.jpeg
 0002:000009A8       Vcl.Imaging.pngimage.Vcl.Imaging.pngimage
 0002:000009B0       Vcl.Imaging.GIFImg.Vcl.Imaging.GIFImg
 0002:000009B8       System.NetEncoding.TNetEncoding.Create@
 0002:000009C0       AdvUtils.AdvUtils
 0002:000009C8       AdvPersistence.TAdvPersistence.Create@
 0002:000009D0       AdvPersistence.AdvPersistence
 0002:000009D8       AdvGDIPlusApi.AdvGDIPlusApi
 0002:000009E0       AdvGDIPlusClasses.AdvGDIPlusClasses
 0002:000009E8       AdvGraphicsTypes.AdvGraphicsTypes
 0002:000009F0       AdvGraphics.AdvGraphics
 0002:000009F8       Xml.Win.msxmldom.TMSXMLDOMDocumentFactory.Create@
 0002:00000A00       Xml.Win.msxmldom.Xml.Win.msxmldom
 0002:00000A08       Xml.xmldom.Xml.xmldom
 0002:00000A10       Xml.XMLSchema.Xml.XMLSchema
 0002:00000A18       TMSTrial.TMSTrial
 0002:00000A20       AdvGraphicsStyles.AdvGraphicsStyles
 0002:00000A28       AdvTypes.AdvTypes
 0002:00000A30       AdvGDIP.AdvGDIP
 0002:00000A38       AdvStyleIF.AdvStyleIF
 0002:00000A40       AdvXPVS.AdvXPVS
 0002:00000A48       Winapi.D2D1.Winapi.D2D1
 0002:00000A50       Vcl.Direct2D.TDirect2DCanvas.Create@
 0002:00000A58       Vcl.Direct2D.Vcl.Direct2D
 0002:00000A60       AdvHTML.AdvHTML
 0002:00000A68       Service_project.Service_project
 0003:00000000       SysInit.TlsIndex
 0003:00000004       SysInit.PtrToNil
 0003:00000008       SysInit.Module
 0003:00000024       SysInit...
 0003:00000078       Winapi.Windows.Win32MajorVersion
 0003:0000007C       Winapi.Windows.Win32MinorVersion
 0003:00000080       Winapi.Windows.Win32Platform
 0003:00000084       Winapi.MsCTF.MsCTFHandle
 0004:FFFF9000       SysInit.__ImageBase
 0004:00000000       SysInit.HInstance
 0004:00000008       SysInit.dbkFCallWrapperAddr
 0004:0000000C       SysInit.@_pfnDliNotifyHook2
 0004:00000010       SysInit.@_pfnDliFailureHook2
 0004:00000014       SysInit..1
 0004:00000018       Winapi.Windows..2
 0004:0000001C       Winapi.Windows.HtmlHelpModule
 0004:00000020       Winapi.PsAPI..1
 0004:00000024       Winapi.PsAPI.hPSAPI
 0004:00000028       Winapi.MsCTF..1
 0004:0000002C       LogoutFM.Form1
 0004:00000030       ServiceFM.Logout


Line numbers for SysInit(SysInit.pas) segment .text

   396 0001:000000A0   397 0001:000000A3   398 0001:000000AC   401 0001:000000B0
   424 0001:000000B8   428 0001:000000C0   431 0001:000000C8   458 0001:000000D0
   478 0001:000000D8   480 0001:000000E0   481 0001:000000E8   877 0001:000000F0
   878 0001:000000FA   974 0001:000000FC   983 0001:00000100   984 0001:00000103
   985 0001:00000117   986 0001:0000012B   987 0001:0000013F   988 0001:00000153
   989 0001:00000167   990 0001:0000017B   991 0001:0000018F   992 0001:000001A3
   993 0001:000001B7   994 0001:000001CB   995 0001:000001DF   996 0001:000001F3
   997 0001:00000207   998 0001:0000021B   999 0001:0000022F  1000 0001:00000243
  1001 0001:00000257  1002 0001:0000026B  1003 0001:0000027F  1004 0001:00000293
  1005 0001:000002A7  1006 0001:000002BB  1007 0001:000002CF  1008 0001:000002E3
  1009 0001:000002F7  1010 0001:0000030B  1011 0001:0000031F  1012 0001:00000333
  1013 0001:00000347  1014 0001:0000035B  1015 0001:0000036F  1016 0001:00000383
  1017 0001:00000397  1018 0001:000003AB  1019 0001:000003BF  1020 0001:000003D3
  1021 0001:000003E7  1022 0001:000003FB  1023 0001:0000040F  1024 0001:00000423
  1025 0001:00000437  1026 0001:0000044B  1027 0001:0000045F  1028 0001:00000473
  1029 0001:00000487  1030 0001:0000049B  1031 0001:000004AF  1032 0001:000004C3
  1033 0001:000004D7  1035 0001:000004EB  1175 0001:000004F0  1176 0001:000004F7
  1177 0001:000004FC  1178 0001:0000050A  1183 0001:00000596  1188 0001:00000615
  1524 0001:0000061C  1525 0001:0000061F  1526 0001:00000626  1527 0001:00000632
  1528 0001:0000063C  1529 0001:00000643  1530 0001:0000064A  1534 0001:00000652
  1535 0001:00000657  1536 0001:00000663

Line numbers for SysInit(C:\Builds\TP\runtime\rtl\sys\delayhlp.cpp) segment .text

   223 0001:00000668   231 0001:0000066E   223 0001:00000673   231 0001:00000676
   223 0001:00000679   231 0001:0000067C   242 0001:000006DB   231 0001:000006DE
   242 0001:000006E1   253 0001:000006FE   254 0001:00000704   256 0001:00000713
   262 0001:00000725   265 0001:0000072C   271 0001:0000072F   265 0001:00000737
   271 0001:00000739   272 0001:00000744   274 0001:00000747   276 0001:0000074F
   278 0001:0000075C   279 0001:00000760   280 0001:0000076F   282 0001:00000771
   288 0001:0000077C   290 0001:0000077E   291 0001:00000787   293 0001:00000795
   294 0001:00000799   300 0001:0000079E   301 0001:000007A6   302 0001:000007AF
   304 0001:000007BD   305 0001:000007C1   307 0001:000007CC   308 0001:000007D0
   309 0001:000007D8   314 0001:000007E1   317 0001:000007EF   318 0001:000007F3
   320 0001:00000801   331 0001:00000813   339 0001:0000081B   340 0001:00000825
   342 0001:00000829   345 0001:0000082F   347 0001:0000085A   349 0001:0000085C
   356 0001:00000862   357 0001:00000865   358 0001:0000086E   360 0001:0000087C
   361 0001:00000880   364 0001:0000088C   366 0001:00000891   373 0001:000008B0
   374 0001:000008B9   375 0001:000008BD   380 0001:000008BF   383 0001:000008CB
   384 0001:000008CF   385 0001:000008D7   389 0001:000008E0   391 0001:000008EE
   392 0001:000008F2   394 0001:00000900   405 0001:00000912   410 0001:00000915
   413 0001:0000091A   414 0001:00000923   415 0001:00000928   416 0001:0000092B
   417 0001:0000092E   419 0001:0000093A   420 0001:0000093C   424 0001:00000948
   426 0001:0000094E   424 0001:00000950   426 0001:00000956   429 0001:00000959
   431 0001:0000096B   432 0001:00000979   433 0001:00000988   439 0001:00000992
   440 0001:00000994   439 0001:00000996   440 0001:00000999   443 0001:000009BD
   444 0001:000009CA   445 0001:000009CD   446 0001:000009DA   448 0001:000009E2
   452 0001:00000A13   453 0001:00000A1C   455 0001:00000A23   457 0001:00000A36
   460 0001:00000A3D   461 0001:00000A41   464 0001:00000A4C   465 0001:00000A4F
   469 0001:00000A58   471 0001:00000A5D   469 0001:00000A62   471 0001:00000A63
   469 0001:00000A69   470 0001:00000A6A   475 0001:00000A71   478 0001:00000A7E
   490 0001:00000A8F   491 0001:00000A98   492 0001:00000AA1   495 0001:00000AC1
   500 0001:00000AC3   484 0001:00000AC6   503 0001:00000ACD   508 0001:00000AD3
   509 0001:00000ADF   510 0001:00000AE6   512 0001:00000AED   513 0001:00000AF1
   512 0001:00000AF8   518 0001:00000AFF   521 0001:00000B04   522 0001:00000B07
   536 0001:00000B10   537 0001:00000B17

Line numbers for SysInit(SysInit.pas) segment .text

  1755 0001:00000C30  1757 0001:00000C3D

Line numbers for SysInit(SysInit.pas) segment .itext

  1753 0002:00000008  1754 0002:0000000F

Line numbers for Winapi.Windows(Winapi.Windows.pas) segment .text

 39002 0001:00000C48 39685 0001:00000C50 42853 0001:00000C58 42854 0001:00000C5E
 42855 0001:00000C65 42858 0001:00000C6F 42859 0001:00000C78 42860 0001:00000C81
 42862 0001:00000C8A 43120 0001:00000C94 43121 0001:00000CB0

Line numbers for Winapi.Windows(Winapi.Windows.pas) segment .itext

 43116 0002:00000018 43117 0002:00000021 43118 0002:00000026 43119 0002:0000002D

Line numbers for Winapi.Messages(Winapi.Messages.pas) segment .text

  2232 0001:00000000

Line numbers for Winapi.WinSvc(Winapi.WinSvc.pas) segment .text

  1662 0001:00000000

Line numbers for Winapi.PsAPI(Winapi.PsAPI.pas) segment .text

   457 0001:00000CEC   459 0001:00000CFD   460 0001:00000D08   463 0001:00000D0F

Line numbers for Winapi.PsAPI(Winapi.PsAPI.pas) segment .itext

   454 0002:00000030   456 0002:00000037

Line numbers for Winapi.ActiveX(Winapi.ActiveX.pas) segment .text

  7819 0001:00000000

Line numbers for Winapi.CommCtrl(Winapi.CommCtrl.pas) segment .text

 13261 0001:00000000

Line numbers for Winapi.Imm(Winapi.Imm.pas) segment .text

   901 0001:00000000

Line numbers for Winapi.TpcShrd(Winapi.TpcShrd.pas) segment .text

   197 0001:00000000

Line numbers for Winapi.MsCTF(Winapi.MsCTF.pas) segment .text

  2243 0001:00000F50  2244 0001:00000F59  2245 0001:00000F6D  2249 0001:00000F90
  2250 0001:00000F99  2251 0001:00000FA4  2256 0001:00000FA8  2257 0001:00000FB5

Line numbers for Winapi.MsCTF(Winapi.MsCTF.pas) segment .itext

  2253 0002:00000180  2254 0002:00000189  2255 0002:0000018E

Line numbers for Winapi.Dwmapi(Winapi.DwmApi.pas) segment .text

   561 0001:00000000

Line numbers for System.Win.Crtl(System.Win.Crtl.pas) segment .text

   943 0001:00000000

Line numbers for Winapi.MsInkAut(Winapi.MsInkAut.pas) segment .text

  2778 0001:00000000

Line numbers for Winapi.PenInputPanel(Winapi.PenInputPanel.pas) segment .text

   405 0001:00000000

Line numbers for Winapi.Qos(Winapi.Qos.pas) segment .text

   294 0001:00000000

Line numbers for Winapi.Winsock2(Winapi.Winsock2.pas) segment .text

  3421 0001:00000000

Line numbers for Winapi.IpExport(Winapi.IpExport.pas) segment .text

   446 0001:00000000

Line numbers for Winapi.ShellAPI(Winapi.ShellAPI.pas) segment .text

  1785 0001:00000FC0  1919 0001:00000FC6

Line numbers for Winapi.RegStr(Winapi.RegStr.pas) segment .text

  1878 0001:00000000

Line numbers for Winapi.WinInet(Winapi.WinInet.pas) segment .text

  3466 0001:00000000

Line numbers for Winapi.UrlMon(Winapi.UrlMon.pas) segment .text

  2192 0001:00000000

Line numbers for Winapi.ObjectArray(Winapi.ObjectArray.pas) segment .text

    62 0001:00000000

Line numbers for Winapi.StructuredQueryCondition(Winapi.StructuredQueryCondition.pas) segment .text

   137 0001:00000000

Line numbers for Winapi.PropSys(Winapi.Propsys.pas) segment .text

  1228 0001:00000000

Line numbers for Winapi.ShlObj(Winapi.ShlObj.pas) segment .text

 14865 0001:00000000

Line numbers for Winapi.CommDlg(Winapi.CommDlg.pas) segment .text

  1153 0001:00000000

Line numbers for Winapi.WinSpool(Winapi.WinSpool.pas) segment .text

  3027 0001:00000000

Line numbers for Winapi.RichEdit(Winapi.RichEdit.pas) segment .text

  1347 0001:00000000

Line numbers for Winapi.Dlgs(Winapi.Dlgs.pas) segment .text

   405 0001:00000000

Line numbers for Winapi.ShellScaling(Winapi.ShellScaling.pas) segment .text

   108 0001:00000000

Line numbers for Winapi.KnownFolders(Winapi.KnownFolders.pas) segment .text

   508 0001:00000000

Line numbers for Winapi.PropKey(Winapi.Propkey.pas) segment .text

  6712 0001:00000000

Line numbers for LogoutFM(LogoutFM.pas) segment .text

    34 0001:00001E90    35 0001:00001E9C    36 0001:00001EAD    37 0001:00001EBB
    38 0001:00001ECB    39 0001:00001EDB    40 0001:00001EEB    48 0001:00001F09
    50 0001:00001F19    53 0001:00001F84    54 0001:00001F91    55 0001:00001FA3
    57 0001:00001FAF

Line numbers for Winapi.MMSystem(Winapi.MMSystem.pas) segment .text

  4736 0001:00000000

Line numbers for Winapi.DxgiFormat(Winapi.DxgiFormat.pas) segment .text

   274 0001:00000000

Line numbers for Winapi.DXTypes(Winapi.DXTypes.pas) segment .text

   281 0001:00000000

Line numbers for Winapi.DxgiType(Winapi.DxgiType.pas) segment .text

   271 0001:00000000

Line numbers for Winapi.DXGI(Winapi.DXGI.pas) segment .text

   615 0001:00000000

Line numbers for Winapi.D3DCommon(Winapi.D3DCommon.pas) segment .text

   835 0001:00000000

Line numbers for ServiceFM(ServiceFM.pas) segment .text

    37 0001:00002428    38 0001:0000242B    39 0001:00002438    42 0001:0000243C
    43 0001:00002445    44 0001:0000244C    49 0001:00002454    50 0001:00002473
    51 0001:00002487    52 0001:00002495    53 0001:000024A2    54 0001:000024C6
    55 0001:000024D8    57 0001:000024ED    59 0001:000024FD    62 0001:000025C8
    63 0001:000025D7    64 0001:000025F3    65 0001:00002611    67 0001:00002621
    70 0001:000026A4    71 0001:000026B3    73 0001:000026C3    79 0001:000026C8
    80 0001:000026EB    81 0001:000026EF    82 0001:00002700    83 0001:0000270E
    84 0001:0000271C    89 0001:00002737    90 0001:0000276C    99 0001:00002790
   101 0001:000027A0   103 0001:000028B3

Line numbers for Service_project(Service_project.dpr) segment .itext

    11 0002:00000A68    26 0002:00000A79    27 0002:00000A96    28 0002:00000AA2
    29 0002:00000ABA    31 0002:00000AD2    32 0002:00000ADE

Bound resource files

LogoutFM.dfm
ServiceFM.dfm
Service_project.RES
Service_project.drf


Program entry point at 0002:00000A68
